Archive member included to satisfy reference by file (symbol)

C:/devkitPro/libctru/lib\libcitro2d.a(base.o)
                              main.o (C2D_Init)
C:/devkitPro/libctru/lib\libcitro2d.a(spritesheet.o)
                              main.o (C2D_SpriteSheetLoad)
C:/devkitPro/libctru/lib\libcitro2d.a(render2d.shbin.o)
                              C:/devkitPro/libctru/lib\libcitro2d.a(base.o) (render2d_shbin)
C:/devkitPro/libctru/lib\libcitro3d.a(attribs.o)
                              C:/devkitPro/libctru/lib\libcitro2d.a(base.o) (AttrInfo_Init)
C:/devkitPro/libctru/lib\libcitro3d.a(base.o)
                              C:/devkitPro/libctru/lib\libcitro3d.a(attribs.o) (__C3D_Context)
C:/devkitPro/libctru/lib\libcitro3d.a(buffers.o)
                              C:/devkitPro/libctru/lib\libcitro2d.a(base.o) (BufInfo_Init)
C:/devkitPro/libctru/lib\libcitro3d.a(drawElements.o)
                              C:/devkitPro/libctru/lib\libcitro2d.a(base.o) (C3D_DrawElements)
C:/devkitPro/libctru/lib\libcitro3d.a(effect.o)
                              C:/devkitPro/libctru/lib\libcitro3d.a(base.o) (C3D_DepthMap)
C:/devkitPro/libctru/lib\libcitro3d.a(framebuffer.o)
                              C:/devkitPro/libctru/lib\libcitro3d.a(base.o) (C3Di_FrameBufBind)
C:/devkitPro/libctru/lib\libcitro3d.a(immediate.o)
                              C:/devkitPro/libctru/lib\libcitro3d.a(base.o) (C3D_ImmSendAttrib)
C:/devkitPro/libctru/lib\libcitro3d.a(proctex.o)
                              C:/devkitPro/libctru/lib\libcitro2d.a(base.o) (C3D_ProcTexInit)
C:/devkitPro/libctru/lib\libcitro3d.a(renderqueue.o)
                              C:/devkitPro/libctru/lib\libcitro3d.a(base.o) (C3Di_RenderQueueEnableVBlank)
C:/devkitPro/libctru/lib\libcitro3d.a(tex3ds.o)
                              C:/devkitPro/libctru/lib\libcitro2d.a(spritesheet.o) (Tex3DS_TextureImport)
C:/devkitPro/libctru/lib\libcitro3d.a(texenv.o)
                              C:/devkitPro/libctru/lib\libcitro2d.a(base.o) (C3D_GetTexEnv)
C:/devkitPro/libctru/lib\libcitro3d.a(texture.o)
                              C:/devkitPro/libctru/lib\libcitro3d.a(tex3ds.o) (C3D_TexInitWithParams)
C:/devkitPro/libctru/lib\libcitro3d.a(uniforms.o)
                              C:/devkitPro/libctru/lib\libcitro3d.a(base.o) (C3D_UpdateUniforms)
C:/devkitPro/libctru/lib\libcitro3d.a(mtx_multiply.o)
                              C:/devkitPro/libctru/lib\libcitro2d.a(base.o) (Mtx_Multiply)
C:/devkitPro/libctru/lib\libcitro3d.a(mtx_ortho.o)
                              C:/devkitPro/libctru/lib\libcitro2d.a(base.o) (Mtx_Ortho)
C:/devkitPro/libctru/lib\libcitro3d.a(mtx_orthotilt.o)
                              C:/devkitPro/libctru/lib\libcitro2d.a(base.o) (Mtx_OrthoTilt)
C:/devkitPro/libctru/lib\libcitro3d.a(mtx_rotatez.o)
                              C:/devkitPro/libctru/lib\libcitro2d.a(base.o) (Mtx_RotateZ)
C:/devkitPro/libctru/lib\libcitro3d.a(mtx_scale.o)
                              C:/devkitPro/libctru/lib\libcitro2d.a(base.o) (Mtx_Scale)
C:/devkitPro/libctru/lib\libcitro3d.a(mtx_translate.o)
                              C:/devkitPro/libctru/lib\libcitro2d.a(base.o) (Mtx_Translate)
C:/devkitPro/libctru/lib\libctru.a(linear.o)
                              C:/devkitPro/libctru/lib\libcitro2d.a(base.o) (linearAlloc)
C:/devkitPro/libctru/lib\libctru.a(mem_pool.o)
                              C:/devkitPro/libctru/lib\libctru.a(linear.o) (MemPool::Allocate(MemChunk&, unsigned long, int))
C:/devkitPro/libctru/lib\libctru.a(vram.o)
                              C:/devkitPro/libctru/lib\libcitro3d.a(renderqueue.o) (vramAlloc)
C:/devkitPro/libctru/lib\libctru.a(console.o)
                              main.o (consoleInit)
C:/devkitPro/libctru/lib\libctru.a(gfx.o)
                              main.o (gfxSet3D)
C:/devkitPro/libctru/lib\libctru.a(os.o)
                              C:/devkitPro/libctru/lib\libcitro3d.a(buffers.o) (osConvertVirtToPhys)
C:/devkitPro/libctru/lib\libctru.a(gpu.o)
                              C:/devkitPro/libctru/lib\libcitro3d.a(base.o) (gpuCmdBufOffset)
C:/devkitPro/libctru/lib\libctru.a(gx.o)
                              C:/devkitPro/libctru/lib\libcitro3d.a(renderqueue.o) (GX_BindQueue)
C:/devkitPro/libctru/lib\libctru.a(gxqueue.o)
                              C:/devkitPro/libctru/lib\libcitro3d.a(renderqueue.o) (gxCmdQueueClear)
C:/devkitPro/libctru/lib\libctru.a(shaderProgram.o)
                              C:/devkitPro/libctru/lib\libcitro2d.a(base.o) (shaderInstanceGetUniformLocation)
C:/devkitPro/libctru/lib\libctru.a(shbin.o)
                              C:/devkitPro/libctru/lib\libcitro2d.a(base.o) (DVLB_ParseFile)
C:/devkitPro/libctru/lib\libctru.a(apt.o)
                              C:/devkitPro/libctru/lib\libcitro3d.a(base.o) (aptHook)
C:/devkitPro/libctru/lib\libctru.a(gspgpu.o)
[...]
Memory Configuration

Name             Origin             Length             Attributes
*default*        0x00000000         0xffffffff

Linker script and memory map

                0x00000000                        __sync_synchronize = __sync_synchronize_dmb
                0x00100000                        PROVIDE (__start__ = 0x100000)
                0x00100000                        . = __start__

.text           0x00100000    0x16b58
 *(.crt0)
 .crt0          0x00100000       0x94 C:/devkitPro/devkitARM/bin/../lib/gcc/arm-none-eabi/14.2.0/../../../../arm-none-eabi/lib/armv6k/fpu/3dsx_crt0.o
                0x00100000                _start
                0x00100008                __service_ptr
                0x0010000c                __apt_appid
                0x00100010                __heap_size
                0x00100014                __linear_heap_size
                0x00100018                __system_arglist
                0x0010001c                __system_runflags
 *(.init)
 .init          0x00100094        0xc C:/devkitPro/devkitARM/bin/../lib/gcc/arm-none-eabi/14.2.0/armv6k/fpu/crti.o
                0x00100094                _init
 .init          0x001000a0        0xc C:/devkitPro/devkitARM/bin/../lib/gcc/arm-none-eabi/14.2.0/armv6k/fpu/crtn.o
                0x001000ac                        . = ALIGN (0x4)
 *(.text)
 .text          0x001000ac      0x240 C:/devkitPro/devkitARM/bin/../lib/gcc/arm-none-eabi/14.2.0/armv6k/fpu\libgcc.a(_divsi3.o)
                0x001000ac                __divsi3
                0x001000ac                __aeabi_idiv
                0x001002cc                __aeabi_idivmod
 .text          0x001002ec        0x4 C:/devkitPro/devkitARM/bin/../lib/gcc/arm-none-eabi/14.2.0/armv6k/fpu\libgcc.a(_dvmd_tls.o)
                0x001002ec                __aeabi_idiv0
                0x001002ec                __aeabi_ldiv0
 .text          0x001002f0      0x3c0 C:/devkitPro/devkitARM/bin/../lib/gcc/arm-none-eabi/14.2.0/armv6k/fpu\libgcc.a(_arm_addsubdf3.o)
                0x001002f0                __aeabi_drsub
                0x001002f8                __aeabi_dsub
                0x001002f8                __subdf3
                0x001002fc                __aeabi_dadd
                0x001002fc                __adddf3
                0x001005a8                __floatunsidf
                0x001005a8                __aeabi_ui2d
                0x001005cc                __floatsidf
                0x001005cc                __aeabi_i2d
                0x001005f4                __aeabi_f2d
                0x001005f4                __extendsfdf2
                0x0010063c                __floatundidf
                0x0010063c                __aeabi_ul2d
                0x00100650                __floatdidf
                0x00100650                __aeabi_l2d
 *fill*         0x001006b0       0x10 
 .text          0x001006c0      0x390 C:/devkitPro/devkitARM/bin/../lib/gcc/arm-none-eabi/14.2.0/../../../../arm-none-eabi/lib/armv6k/fpu\libg.a(libc_a-strcmp.o)
                0x001006c8                strcmp
 .text          0x00100a50      0x20c C:/devkitPro/devkitARM/bin/../lib/gcc/arm-none-eabi/14.2.0/armv6k/fpu\libgcc.a(_udivsi3.o)
                0x00100a50                __aeabi_uidiv
                0x00100a50                __udivsi3
                0x00100c3c                __aeabi_uidivmod
 *(.text.*)
 .text.__do_global_dtors_aux
                0x00100c5c       0x40 C:/devkitPro/devkitARM/bin/../lib/gcc/arm-none-eabi/14.2.0/armv6k/fpu/crtbegin.o
 .text.frame_dummy
                0x00100c9c       0x2c C:/devkitPro/devkitARM/bin/../lib/gcc/arm-none-eabi/14.2.0/armv6k/fpu/crtbegin.o
 .text.cleanup  0x00100cc8       0x2c main.o
                0x00100cc8                cleanup
 .text.startup.main
                0x00100cf4      0x200 main.o
                0x00100cf4                main
 .text.C2Di_FrameEndHook
                0x00100ef4       0x44 C:/devkitPro/libctru/lib\libcitro2d.a(base.o)
 .text.C2D_Init
                0x00100f38      0x36c C:/devkitPro/libctru/lib\libcitro2d.a(base.o)
                0x00100f38                C2D_Init
 .text.C2D_Fini
                0x001012a4       0x4c C:/devkitPro/libctru/lib\libcitro2d.a(base.o)
                0x001012a4                C2D_Fini
 .text.C2D_Prepare
                0x001012f0       0xb8 C:/devkitPro/libctru/lib\libcitro2d.a(base.o)
                0x001012f0                C2D_Prepare
 .text.C2D_Flush
                0x001013a8       0x48 C:/devkitPro/libctru/lib\libcitro2d.a(base.o)
                0x001013a8                C2D_Flush
 .text.C2D_SceneSize
                0x001013f0      0x104 C:/devkitPro/libctru/lib\libcitro2d.a(base.o)
                0x001013f0                C2D_SceneSize
 .text.C2D_CreateScreenTarget
                0x001014f4       0x58 C:/devkitPro/libctru/lib\libcitro2d.a(base.o)
                0x001014f4                C2D_CreateScreenTarget
 .text.C2D_TargetClear
                0x0010154c       0x64 C:/devkitPro/libctru/lib\libcitro2d.a(base.o)
                0x0010154c                C2D_TargetClear
 .text.C2Di_CalcQuad
                0x001015b0      0x13c C:/devkitPro/libctru/lib\libcitro2d.a(base.o)
                0x001015b0                C2Di_CalcQuad
 .text.C2Di_AppendQuad
                0x001016ec       0x58 C:/devkitPro/libctru/lib\libcitro2d.a(base.o)
                0x001016ec                C2Di_AppendQuad
 .text.C2Di_Update
                0x00101744      0x550 C:/devkitPro/libctru/lib\libcitro2d.a(base.o)
                0x00101744                C2Di_Update
 .text.C2D_DrawImage
                0x00101c94      0x2b0 C:/devkitPro/libctru/lib\libcitro2d.a(base.o)
                0x00101c94                C2D_DrawImage
 .text.C2D_SpriteSheetLoadFromHandle
                0x00101f44       0x6c C:/devkitPro/libctru/lib\libcitro2d.a(spritesheet.o)
                0x00101f44                C2D_SpriteSheetLoadFromHandle
 .text.C2D_SpriteSheetLoad
                0x00101fb0       0x48 C:/devkitPro/libctru/lib\libcitro2d.a(spritesheet.o)
                0x00101fb0                C2D_SpriteSheetLoad
 .text.C2D_SpriteSheetFree
                0x00101ff8       0x28 C:/devkitPro/libctru/lib\libcitro2d.a(spritesheet.o)
                0x00101ff8                C2D_SpriteSheetFree
 .text.C2D_SpriteSheetGetImage
                0x00102020       0x2c C:/devkitPro/libctru/lib\libcitro2d.a(spritesheet.o)
                0x00102020                C2D_SpriteSheetGetImage
 .text.AttrInfo_Init
                0x0010204c       0x28 C:/devkitPro/libctru/lib\libcitro3d.a(attribs.o)
                0x0010204c                AttrInfo_Init
 .text.AttrInfo_AddLoader
                0x00102074       0x94 C:/devkitPro/libctru/lib\libcitro3d.a(attribs.o)
                0x00102074                AttrInfo_AddLoader
 .text.C3D_SetAttrInfo
                0x00102108       0x54 C:/devkitPro/libctru/lib\libcitro3d.a(attribs.o)
                0x00102108                C3D_SetAttrInfo
 .text.C3Di_AttrInfoBind
                0x0010215c       0x80 C:/devkitPro/libctru/lib\libcitro3d.a(attribs.o)
                0x0010215c                C3Di_AttrInfoBind
 .text.C3Di_LightEnvUpdate
                0x001021dc        0x4 C:/devkitPro/libctru/lib\libcitro3d.a(base.o)
                0x001021dc                C3Di_LightEnvUpdate
 .text.C3Di_LightEnvDirty
                0x001021e0        0x4 C:/devkitPro/libctru/lib\libcitro3d.a(base.o)
                0x001021e0                C3Di_LightEnvDirty
 .text.C3Di_AptEventHook
                0x001021e4       0xb4 C:/devkitPro/libctru/lib\libcitro3d.a(base.o)
 .text.C3Di_GasUpdate
                0x00102298        0x4 C:/devkitPro/libctru/lib\libcitro3d.a(base.o)
                0x00102298                C3Di_GasUpdate
 .text.C3D_Init
                0x0010229c      0x1d0 C:/devkitPro/libctru/lib\libcitro3d.a(base.o)
                0x0010229c                C3D_Init
 .text.C3D_SetViewport
                0x0010246c       0x98 C:/devkitPro/libctru/lib\libcitro3d.a(base.o)
                0x0010246c                C3D_SetViewport
 .text.C3Di_UpdateContext
                0x00102504      0x4e8 C:/devkitPro/libctru/lib\libcitro3d.a(base.o)
                0x00102504                C3Di_UpdateContext
 .text.C3Di_SplitFrame
                0x001029ec       0xe0 C:/devkitPro/libctru/lib\libcitro3d.a(base.o)
                0x001029ec                C3Di_SplitFrame
 .text.C3D_Fini
                0x00102acc       0x44 C:/devkitPro/libctru/lib\libcitro3d.a(base.o)
                0x00102acc                C3D_Fini
 .text.C3D_BindProgram
                0x00102b10      0x194 C:/devkitPro/libctru/lib\libcitro3d.a(base.o)
                0x00102b10                C3D_BindProgram
 .text.BufInfo_Init
                0x00102ca4       0x24 C:/devkitPro/libctru/lib\libcitro3d.a(buffers.o)
                0x00102ca4                BufInfo_Init
 .text.BufInfo_Add
                0x00102cc8       0x80 C:/devkitPro/libctru/lib\libcitro3d.a(buffers.o)
                0x00102cc8                BufInfo_Add
 .text.C3D_SetBufInfo
                0x00102d48       0x3c C:/devkitPro/libctru/lib\libcitro3d.a(buffers.o)
                0x00102d48                C3D_SetBufInfo
 .text.C3Di_BufInfoBind
                0x00102d84       0x48 C:/devkitPro/libctru/lib\libcitro3d.a(buffers.o)
                0x00102d84                C3Di_BufInfoBind
 .text.C3D_DrawElements
                0x00102dcc      0x21c C:/devkitPro/libctru/lib\libcitro3d.a(drawElements.o)
                0x00102dcc                C3D_DrawElements
 .text.C3D_DepthMap
                0x00102fe8       0x40 C:/devkitPro/libctru/lib\libcitro3d.a(effect.o)
                0x00102fe8                C3D_DepthMap
 .text.C3D_CullFace
                0x00103028       0x1c C:/devkitPro/libctru/lib\libcitro3d.a(effect.o)
                0x00103028                C3D_CullFace
 .text.C3D_StencilTest
                0x00103044       0x40 C:/devkitPro/libctru/lib\libcitro3d.a(effect.o)
                0x00103044                C3D_StencilTest
 .text.C3D_StencilOp
                0x00103084       0x24 C:/devkitPro/libctru/lib\libcitro3d.a(effect.o)
                0x00103084                C3D_StencilOp
 .text.C3D_BlendingColor
                0x001030a8       0x1c C:/devkitPro/libctru/lib\libcitro3d.a(effect.o)
                0x001030a8                C3D_BlendingColor
 .text.C3D_EarlyDepthTest
                0x001030c4       0x24 C:/devkitPro/libctru/lib\libcitro3d.a(effect.o)
                0x001030c4                C3D_EarlyDepthTest
 .text.C3D_DepthTest
                0x001030e8       0x2c C:/devkitPro/libctru/lib\libcitro3d.a(effect.o)
                0x001030e8                C3D_DepthTest
 .text.C3D_AlphaTest
                0x00103114       0x2c C:/devkitPro/libctru/lib\libcitro3d.a(effect.o)
                0x00103114                C3D_AlphaTest
 .text.C3D_AlphaBlend
                0x00103140       0x50 C:/devkitPro/libctru/lib\libcitro3d.a(effect.o)
                0x00103140                C3D_AlphaBlend
 .text.C3D_FragOpMode
                0x00103190       0x30 C:/devkitPro/libctru/lib\libcitro3d.a(effect.o)
                0x00103190                C3D_FragOpMode
 .text.C3D_FragOpShadow
                0x001031c0       0x44 C:/devkitPro/libctru/lib\libcitro3d.a(effect.o)
                0x001031c0                C3D_FragOpShadow
 .text.C3Di_EffectBind
                0x00103204      0x1ac C:/devkitPro/libctru/lib\libcitro3d.a(effect.o)
                0x00103204                C3Di_EffectBind
 .text.C3D_CalcColorBufSize
                0x001033b0       0x1c C:/devkitPro/libctru/lib\libcitro3d.a(framebuffer.o)
                0x001033b0                C3D_CalcColorBufSize
 .text.C3D_CalcDepthBufSize
                0x001033cc       0x1c C:/devkitPro/libctru/lib\libcitro3d.a(framebuffer.o)
                0x001033cc                C3D_CalcDepthBufSize
 .text.C3D_SetFrameBuf
                0x001033e8       0x44 C:/devkitPro/libctru/lib\libcitro3d.a(framebuffer.o)
                0x001033e8                C3D_SetFrameBuf
 .text.C3Di_FrameBufBind
                0x0010342c      0x16c C:/devkitPro/libctru/lib\libcitro3d.a(framebuffer.o)
                0x0010342c                C3Di_FrameBufBind
 .text.C3D_FrameBufClear
                0x00103598       0xc8 C:/devkitPro/libctru/lib\libcitro3d.a(framebuffer.o)
                0x00103598                C3D_FrameBufClear
 .text.C3D_FrameBufTransfer
                0x00103660       0x44 C:/devkitPro/libctru/lib\libcitro3d.a(framebuffer.o)
                0x00103660                C3D_FrameBufTransfer
 .text.C3D_ImmSendAttrib
                0x001036a4       0xa8 C:/devkitPro/libctru/lib\libcitro3d.a(immediate.o)
                0x001036a4                C3D_ImmSendAttrib
 .text.C3D_ProcTexInit
                0x0010374c       0x70 C:/devkitPro/libctru/lib\libcitro3d.a(proctex.o)
                0x0010374c                C3D_ProcTexInit
 .text.C3D_ProcTexBind
                0x001037bc       0x54 C:/devkitPro/libctru/lib\libcitro3d.a(proctex.o)
                0x001037bc                C3D_ProcTexBind
 .text.C3D_ProcTexLutBind
                0x00103810       0x5c C:/devkitPro/libctru/lib\libcitro3d.a(proctex.o)
                0x00103810                C3D_ProcTexLutBind
 .text.ProcTexLut_FromArray
                0x0010386c       0xa4 C:/devkitPro/libctru/lib\libcitro3d.a(proctex.o)
                0x0010386c                ProcTexLut_FromArray
 .text.C3Di_ProcTexUpdate
                0x00103910      0x178 C:/devkitPro/libctru/lib\libcitro3d.a(proctex.o)
                0x00103910                C3Di_ProcTexUpdate
 .text.C3Di_ProcTexDirty
                0x00103a88       0x68 C:/devkitPro/libctru/lib\libcitro3d.a(proctex.o)
                0x00103a88                C3Di_ProcTexDirty
 .text.onVBlank0
                0x00103af0       0x4c C:/devkitPro/libctru/lib\libcitro3d.a(renderqueue.o)
 .text.onVBlank1
                0x00103b3c       0x4c C:/devkitPro/libctru/lib\libcitro3d.a(renderqueue.o)
 .text.C3Di_RenderTargetDestroy
                0x00103b88       0x80 C:/devkitPro/libctru/lib\libcitro3d.a(renderqueue.o)
 .text.onQueueFinish
                0x00103c08       0xf4 C:/devkitPro/libctru/lib\libcitro3d.a(renderqueue.o)
 .text.C3Di_RenderQueueEnableVBlank
                0x00103cfc       0x38 C:/devkitPro/libctru/lib\libcitro3d.a(renderqueue.o)
                0x00103cfc                C3Di_RenderQueueEnableVBlank
 .text.C3Di_RenderQueueDisableVBlank
                0x00103d34       0x30 C:/devkitPro/libctru/lib\libcitro3d.a(renderqueue.o)
                0x00103d34                C3Di_RenderQueueDisableVBlank
 .text.C3Di_RenderQueueInit
                0x00103d64       0x60 C:/devkitPro/libctru/lib\libcitro3d.a(renderqueue.o)
                0x00103d64                C3Di_RenderQueueInit
 .text.C3Di_RenderQueueExit
                0x00103dc4       0xb4 C:/devkitPro/libctru/lib\libcitro3d.a(renderqueue.o)
                0x00103dc4                C3Di_RenderQueueExit
 .text.C3Di_RenderQueueWaitDone
                0x00103e78       0x34 C:/devkitPro/libctru/lib\libcitro3d.a(renderqueue.o)
                0x00103e78                C3Di_RenderQueueWaitDone
 .text.C3D_FrameBegin
                0x00103eac       0xe8 C:/devkitPro/libctru/lib\libcitro3d.a(renderqueue.o)
                0x00103eac                C3D_FrameBegin
 .text.C3D_FrameDrawOn
                0x00103f94       0x48 C:/devkitPro/libctru/lib\libcitro3d.a(renderqueue.o)
                0x00103f94                C3D_FrameDrawOn
 .text.C3D_FrameSplit
                0x00103fdc       0x58 C:/devkitPro/libctru/lib\libcitro3d.a(renderqueue.o)
                0x00103fdc                C3D_FrameSplit
 .text.C3D_FrameEnd
                0x00104034      0x1d0 C:/devkitPro/libctru/lib\libcitro3d.a(renderqueue.o)
                0x00104034                C3D_FrameEnd
 .text.C3D_FrameEndHook
                0x00104204       0x1c C:/devkitPro/libctru/lib\libcitro3d.a(renderqueue.o)
                0x00104204                C3D_FrameEndHook
 .text.C3D_RenderTargetCreate
                0x00104220      0x170 C:/devkitPro/libctru/lib\libcitro3d.a(renderqueue.o)
                0x00104220                C3D_RenderTargetCreate
 .text.C3D_RenderTargetSetOutput
                0x00104390       0xa8 C:/devkitPro/libctru/lib\libcitro3d.a(renderqueue.o)
                0x00104390                C3D_RenderTargetSetOutput
 .text.C3D_SyncTextureCopy
                0x00104438       0xfc C:/devkitPro/libctru/lib\libcitro3d.a(renderqueue.o)
                0x00104438                C3D_SyncTextureCopy
 .text.Tex3DSi_ImportCommon
                0x00104534      0x3d8 C:/devkitPro/libctru/lib\libcitro3d.a(tex3ds.o)
 .text.Tex3DS_TextureImportStdio
                0x0010490c       0x38 C:/devkitPro/libctru/lib\libcitro3d.a(tex3ds.o)
                0x0010490c                Tex3DS_TextureImportStdio
 .text.Tex3DS_GetSubTexture
                0x00104944       0x1c C:/devkitPro/libctru/lib\libcitro3d.a(tex3ds.o)
                0x00104944                Tex3DS_GetSubTexture
 .text.Tex3DS_TextureFree
                0x00104960        0x4 C:/devkitPro/libctru/lib\libcitro3d.a(tex3ds.o)
                0x00104960                Tex3DS_TextureFree
 .text.C3D_GetTexEnv
                0x00104964       0x34 C:/devkitPro/libctru/lib\libcitro3d.a(texenv.o)
                0x00104964                C3D_GetTexEnv
 .text.C3Di_TexEnvBind
                0x00104998       0x24 C:/devkitPro/libctru/lib\libcitro3d.a(texenv.o)
                0x00104998                C3Di_TexEnvBind
 .text.C3D_TexInitWithParams
                0x001049bc      0x290 C:/devkitPro/libctru/lib\libcitro3d.a(texture.o)
                0x001049bc                C3D_TexInitWithParams
 .text.C3D_TexLoadImage
                0x00104c4c       0xc8 C:/devkitPro/libctru/lib\libcitro3d.a(texture.o)
                0x00104c4c                C3D_TexLoadImage
 .text.C3D_TexBind
                0x00104d14       0x44 C:/devkitPro/libctru/lib\libcitro3d.a(texture.o)
                0x00104d14                C3D_TexBind
 .text.C3D_TexDelete
                0x00104d58       0x74 C:/devkitPro/libctru/lib\libcitro3d.a(texture.o)
                0x00104d58                C3D_TexDelete
 .text.C3Di_SetTex
                0x00104dcc      0x14c C:/devkitPro/libctru/lib\libcitro3d.a(texture.o)
                0x00104dcc                C3Di_SetTex
 .text.C3D_UpdateUniforms
                0x00104f18      0x290 C:/devkitPro/libctru/lib\libcitro3d.a(uniforms.o)
                0x00104f18                C3D_UpdateUniforms
 .text.C3Di_DirtyUniforms
                0x001051a8       0xc0 C:/devkitPro/libctru/lib\libcitro3d.a(uniforms.o)
                0x001051a8                C3Di_DirtyUniforms
 .text.C3Di_LoadShaderUniforms
                0x00105268       0xd8 C:/devkitPro/libctru/lib\libcitro3d.a(uniforms.o)
                0x00105268                C3Di_LoadShaderUniforms
 .text.C3Di_ClearShaderUniforms
                0x00105340       0x28 C:/devkitPro/libctru/lib\libcitro3d.a(uniforms.o)
                0x00105340                C3Di_ClearShaderUniforms
 .text.Mtx_Ortho
                0x00105368       0xcc C:/devkitPro/libctru/lib\libcitro3d.a(mtx_ortho.o)
                0x00105368                Mtx_Ortho
 .text.Mtx_OrthoTilt
                0x00105434       0xcc C:/devkitPro/libctru/lib\libcitro3d.a(mtx_orthotilt.o)
                0x00105434                Mtx_OrthoTilt
 .text._ZL21addrMapNodeComparatorPK11rbtree_nodeS1_
                0x00105500       0x24 C:/devkitPro/libctru/lib\libctru.a(linear.o)
 .text._ZL21addrMapNodeDestructorP11rbtree_node
                0x00105524        0x4 C:/devkitPro/libctru/lib\libctru.a(linear.o)
 .text.linearMemAlign
                0x00105528      0x120 C:/devkitPro/libctru/lib\libctru.a(linear.o)
                0x00105528                linearMemAlign
 .text.linearAlloc
                0x00105648        0x8 C:/devkitPro/libctru/lib\libctru.a(linear.o)
                0x00105648                linearAlloc
 .text.linearFree
                0x00105650       0x5c C:/devkitPro/libctru/lib\libctru.a(linear.o)
                0x00105650                linearFree
 .text._ZN7MemPool13CoalesceRightEP8MemBlock
                0x001056ac       0x84 C:/devkitPro/libctru/lib\libctru.a(mem_pool.o)
                0x001056ac                MemPool::CoalesceRight(MemBlock*)
 .text._ZN7MemPool8AllocateER8MemChunkmi
                0x00105730      0x150 C:/devkitPro/libctru/lib\libctru.a(mem_pool.o)
                0x00105730                MemPool::Allocate(MemChunk&, unsigned long, int)
 .text._ZN7MemPool10DeallocateERK8MemChunk
                0x00105880       0xfc C:/devkitPro/libctru/lib\libctru.a(mem_pool.o)
                0x00105880                MemPool::Deallocate(MemChunk const&)
 .text._ZN7MemPool12GetFreeSpaceEv
                0x0010597c       0x30 C:/devkitPro/libctru/lib\libctru.a(mem_pool.o)
                0x0010597c                MemPool::GetFreeSpace()
 .text._ZL21addrMapNodeComparatorPK11rbtree_nodeS1_
                0x001059ac       0x24 C:/devkitPro/libctru/lib\libctru.a(vram.o)
 .text._ZL21addrMapNodeDestructorP11rbtree_node
                0x001059d0        0x4 C:/devkitPro/libctru/lib\libctru.a(vram.o)
 .text.vramMemAlignAt
                0x001059d4      0x244 C:/devkitPro/libctru/lib\libctru.a(vram.o)
                0x001059d4                vramMemAlignAt
 .text.vramAlloc
                0x00105c18        0xc C:/devkitPro/libctru/lib\libctru.a(vram.o)
                0x00105c18                vramAlloc
 .text.vramAllocAt
                0x00105c24        0xc C:/devkitPro/libctru/lib\libctru.a(vram.o)
                0x00105c24                vramAllocAt
 .text.vramFree
                0x00105c30       0x90 C:/devkitPro/libctru/lib\libctru.a(vram.o)
                0x00105c30                vramFree
 .text.consoleHandleColorEsc
                0x00105cc0      0x45c C:/devkitPro/libctru/lib\libctru.a(console.o)
 .text.consoleColorStateShift
                0x0010611c       0xb8 C:/devkitPro/libctru/lib\libctru.a(console.o)
 .text.consoleDrawChar
                0x001061d4      0x1ac C:/devkitPro/libctru/lib\libctru.a(console.o)
                0x001061d4                consoleDrawChar
 .text.consolePrintChar
                0x00106380      0x11c C:/devkitPro/libctru/lib\libctru.a(console.o)
                0x00106380                consolePrintChar
 .text.con_write
                0x0010649c      0x5ec C:/devkitPro/libctru/lib\libctru.a(console.o)
                0x0010649c                con_write
 .text.newRow   0x00106a88      0x124 C:/devkitPro/libctru/lib\libctru.a(console.o)
 .text.consoleInit
                0x00106bac      0x18c C:/devkitPro/libctru/lib\libctru.a(console.o)
                0x00106bac                consoleInit
 .text.gfxPresentFramebuffer
                0x00106d38       0xd0 C:/devkitPro/libctru/lib\libctru.a(gfx.o)
 .text.gfxSet3D
                0x00106e08       0x10 C:/devkitPro/libctru/lib\libctru.a(gfx.o)
                0x00106e08                gfxSet3D
 .text.gfxIsWide
                0x00106e18       0x1c C:/devkitPro/libctru/lib\libctru.a(gfx.o)
                0x00106e18                gfxIsWide
 .text.gfxSetScreenFormat
                0x00106e34       0xec C:/devkitPro/libctru/lib\libctru.a(gfx.o)
                0x00106e34                gfxSetScreenFormat
 .text.gfxSetDoubleBuffering
                0x00106f20       0x10 C:/devkitPro/libctru/lib\libctru.a(gfx.o)
                0x00106f20                gfxSetDoubleBuffering
 .text.gfxInit  0x00106f30       0xd8 C:/devkitPro/libctru/lib\libctru.a(gfx.o)
                0x00106f30                gfxInit
 .text.gfxInitDefault
                0x00107008       0x10 C:/devkitPro/libctru/lib\libctru.a(gfx.o)
                0x00107008                gfxInitDefault
 .text.gfxExit  0x00107018       0xb4 C:/devkitPro/libctru/lib\libctru.a(gfx.o)
                0x00107018                gfxExit
 .text.gfxGetFramebuffer
                0x001070cc       0xa0 C:/devkitPro/libctru/lib\libctru.a(gfx.o)
                0x001070cc                gfxGetFramebuffer
 .text.gfxFlushBuffers
                0x0010716c      0x100 C:/devkitPro/libctru/lib\libctru.a(gfx.o)
                0x0010716c                gfxFlushBuffers
 .text.gfxScreenSwapBuffers
                0x0010726c       0x30 C:/devkitPro/libctru/lib\libctru.a(gfx.o)
                0x0010726c                gfxScreenSwapBuffers
 .text.gfxSwapBuffersGpu
                0x0010729c       0x50 C:/devkitPro/libctru/lib\libctru.a(gfx.o)
                0x0010729c                gfxSwapBuffersGpu
 .text.osConvertVirtToPhys
                0x001072ec       0x74 C:/devkitPro/libctru/lib\libctru.a(os.o)
                0x001072ec                osConvertVirtToPhys
 .text.__ctru_speedup_config
                0x00107360       0x34 C:/devkitPro/libctru/lib\libctru.a(os.o)
                0x00107360                __ctru_speedup_config
 .text.GPUCMD_Add
                0x00107394      0x13c C:/devkitPro/libctru/lib\libctru.a(gpu.o)
                0x00107394                GPUCMD_Add
 .text.GPUCMD_Split
                0x001074d0       0xb0 C:/devkitPro/libctru/lib\libctru.a(gpu.o)
                0x001074d0                GPUCMD_Split
 .text.f32tof16
                0x00107580       0x34 C:/devkitPro/libctru/lib\libctru.a(gpu.o)
                0x00107580                f32tof16
 .text.f32tof24
                0x001075b4       0x34 C:/devkitPro/libctru/lib\libctru.a(gpu.o)
                0x001075b4                f32tof24
 .text.f32tof31
                0x001075e8       0x38 C:/devkitPro/libctru/lib\libctru.a(gpu.o)
                0x001075e8                f32tof31
 .text.GX_BindQueue
                0x00107620       0x10 C:/devkitPro/libctru/lib\libctru.a(gx.o)
                0x00107620                GX_BindQueue
 .text.GX_ProcessCommandList
                0x00107630       0x78 C:/devkitPro/libctru/lib\libctru.a(gx.o)
                0x00107630                GX_ProcessCommandList
 .text.GX_MemoryFill
                0x001076a8       0x74 C:/devkitPro/libctru/lib\libctru.a(gx.o)
                0x001076a8                GX_MemoryFill
 .text.GX_DisplayTransfer
                0x0010771c       0x70 C:/devkitPro/libctru/lib\libctru.a(gx.o)
                0x0010771c                GX_DisplayTransfer
 .text.GX_TextureCopy
                0x0010778c       0x74 C:/devkitPro/libctru/lib\libctru.a(gx.o)
                0x0010778c                GX_TextureCopy
 .text.gxCmdQueueDoCommands.part.0
                0x00107800       0x68 C:/devkitPro/libctru/lib\libctru.a(gxqueue.o)
 .text.gxCmdQueueInterrupt
                0x00107868       0xc8 C:/devkitPro/libctru/lib\libctru.a(gxqueue.o)
                0x00107868                gxCmdQueueInterrupt
 .text.gxCmdQueueClear
                0x00107930       0x4c C:/devkitPro/libctru/lib\libctru.a(gxqueue.o)
                0x00107930                gxCmdQueueClear
 .text.gxCmdQueueAdd
                0x0010797c       0xf8 C:/devkitPro/libctru/lib\libctru.a(gxqueue.o)
                0x0010797c                gxCmdQueueAdd
 .text.gxCmdQueueRun
                0x00107a74       0x80 C:/devkitPro/libctru/lib\libctru.a(gxqueue.o)
                0x00107a74                gxCmdQueueRun
 .text.gxCmdQueueStop
                0x00107af4       0x60 C:/devkitPro/libctru/lib\libctru.a(gxqueue.o)
                0x00107af4                gxCmdQueueStop
 .text.gxCmdQueueWait
                0x00107b54       0x8c C:/devkitPro/libctru/lib\libctru.a(gxqueue.o)
                0x00107b54                gxCmdQueueWait
 .text.shaderInstanceInit
                0x00107be0      0x1d0 C:/devkitPro/libctru/lib\libctru.a(shaderProgram.o)
                0x00107be0                shaderInstanceInit
 .text.shaderInstanceGetUniformLocation
                0x00107db0       0x18 C:/devkitPro/libctru/lib\libctru.a(shaderProgram.o)
                0x00107db0                shaderInstanceGetUniformLocation
 .text.shaderProgramInit
                0x00107dc8       0x1c C:/devkitPro/libctru/lib\libctru.a(shaderProgram.o)
                0x00107dc8                shaderProgramInit
 .text.shaderProgramFree
                0x00107de4       0x64 C:/devkitPro/libctru/lib\libctru.a(shaderProgram.o)
                0x00107de4                shaderProgramFree
 .text.shaderProgramSetVsh
                0x00107e48       0x80 C:/devkitPro/libctru/lib\libctru.a(shaderProgram.o)
                0x00107e48                shaderProgramSetVsh
 .text.shaderProgramConfigure
                0x00107ec8      0x8d0 C:/devkitPro/libctru/lib\libctru.a(shaderProgram.o)
                0x00107ec8                shaderProgramConfigure
 .text.DVLE_GenerateOutmap.part.0
                0x00108798      0x1dc C:/devkitPro/libctru/lib\libctru.a(shbin.o)
 .text.DVLB_ParseFile
                0x00108974      0x1b0 C:/devkitPro/libctru/lib\libctru.a(shbin.o)
                0x00108974                DVLB_ParseFile
 .text.DVLB_Free
                0x00108b24       0x38 C:/devkitPro/libctru/lib\libctru.a(shbin.o)
                0x00108b24                DVLB_Free
 .text.DVLE_GetUniformRegister
                0x00108b5c       0x74 C:/devkitPro/libctru/lib\libctru.a(shbin.o)
                0x00108b5c                DVLE_GetUniformRegister
 .text.aptConvertScreenForCapture
                0x00108bd0      0x1b0 C:/devkitPro/libctru/lib\libctru.a(apt.o)
 .text.aptDspSleep
                0x00108d80        0x8 C:/devkitPro/libctru/lib\libctru.a(apt.o)
                0x00108d80                aptDspSleep
 .text.aptDspWakeup
                0x00108d88        0x4 C:/devkitPro/libctru/lib\libctru.a(apt.o)
                0x00108d88                aptDspWakeup
 .text.aptDspCancel
                0x00108d8c        0x4 C:/devkitPro/libctru/lib\libctru.a(apt.o)
                0x00108d8c                aptDspCancel
 .text.aptSendCommand
                0x00108d90      0x158 C:/devkitPro/libctru/lib\libctru.a(apt.o)
                0x00108d90                aptSendCommand
 .text.aptExitProcess
                0x00108ee8       0x44 C:/devkitPro/libctru/lib\libctru.a(apt.o)
 .text.aptExit  0x00108f2c      0x380 C:/devkitPro/libctru/lib\libctru.a(apt.o)
                0x00108f2c                aptExit
 .text.aptHandleSleep
                0x001092ac       0xd8 C:/devkitPro/libctru/lib\libctru.a(apt.o)
                0x001092ac                aptHandleSleep
 .text.aptHook  0x00109384       0x30 C:/devkitPro/libctru/lib\libctru.a(apt.o)
                0x00109384                aptHook
 .text.aptUnhook
                0x001093b4       0x30 C:/devkitPro/libctru/lib\libctru.a(apt.o)
                0x001093b4                aptUnhook
 .text.APT_SleepIfShellClosed
                0x001093e4       0x84 C:/devkitPro/libctru/lib\libctru.a(apt.o)
                0x001093e4                APT_SleepIfShellClosed
 .text.aptSetSleepAllowed
                0x00109468       0x78 C:/devkitPro/libctru/lib\libctru.a(apt.o)
                0x00109468                aptSetSleepAllowed
 .text.APT_UnlockTransition
                0x001094e0       0x84 C:/devkitPro/libctru/lib\libctru.a(apt.o)
                0x001094e0                APT_UnlockTransition
 *fill*         0x00109564        0x4 
 .text.aptEventHandler
                0x00109568      0x478 C:/devkitPro/libctru/lib\libctru.a(apt.o)
 .text.APT_ReceiveParameter
                0x001099e0       0xb0 C:/devkitPro/libctru/lib\libctru.a(apt.o)
                0x001099e0                APT_ReceiveParameter
 .text.aptReceiveParameter.constprop.0
                0x00109a90       0xac C:/devkitPro/libctru/lib\libctru.a(apt.o)
 *fill*         0x00109b3c        0x4 
 .text.aptScreenTransfer
                0x00109b40      0x294 C:/devkitPro/libctru/lib\libctru.a(apt.o)
 .text.aptWaitForWakeUp.isra.0
                0x00109dd4      0x2c8 C:/devkitPro/libctru/lib\libctru.a(apt.o)
 .text.aptJumpToHomeMenu
                0x0010a09c       0xf4 C:/devkitPro/libctru/lib\libctru.a(apt.o)
                0x0010a09c                aptJumpToHomeMenu
 .text.aptMainLoop
                0x0010a190       0x48 C:/devkitPro/libctru/lib\libctru.a(apt.o)
                0x0010a190                aptMainLoop
 .text.aptInit  0x0010a1d8      0x22c C:/devkitPro/libctru/lib\libctru.a(apt.o)
                0x0010a1d8                aptInit
 .text.APT_CheckNew3DS
                0x0010a404       0x7c C:/devkitPro/libctru/lib\libctru.a(apt.o)
                0x0010a404                APT_CheckNew3DS
 .text.gspHardwareInit
                0x0010a480      0xc70 C:/devkitPro/libctru/lib\libctru.a(gspgpu.o)
 .text.gspInit  0x0010b0f0      0x248 C:/devkitPro/libctru/lib\libctru.a(gspgpu.o)
                0x0010b0f0                gspInit
 .text.gspExit  0x0010b338       0xe4 C:/devkitPro/libctru/lib\libctru.a(gspgpu.o)
                0x0010b338                gspExit
 .text.gspHasGpuRight
                0x0010b41c       0x10 C:/devkitPro/libctru/lib\libctru.a(gspgpu.o)
                0x0010b41c                gspHasGpuRight
 .text.gspPresentBuffer
                0x0010b42c       0xa0 C:/devkitPro/libctru/lib\libctru.a(gspgpu.o)
                0x0010b42c                gspPresentBuffer
 .text.gspSetEventCallback
                0x0010b4cc       0x30 C:/devkitPro/libctru/lib\libctru.a(gspgpu.o)
                0x0010b4cc                gspSetEventCallback
 .text.gspWaitForEvent
                0x0010b4fc       0x44 C:/devkitPro/libctru/lib\libctru.a(gspgpu.o)
                0x0010b4fc                gspWaitForEvent
 .text.gspWaitForAnyEvent
                0x0010b540       0x4c C:/devkitPro/libctru/lib\libctru.a(gspgpu.o)
                0x0010b540                gspWaitForAnyEvent
 .text.gspEventThreadMain
                0x0010b58c      0x160 C:/devkitPro/libctru/lib\libctru.a(gspgpu.o)
 .text.gspSubmitGxCommand
                0x0010b6ec      0x130 C:/devkitPro/libctru/lib\libctru.a(gspgpu.o)
                0x0010b6ec                gspSubmitGxCommand
 .text.GSPGPU_FlushDataCache
                0x0010b81c       0x50 C:/devkitPro/libctru/lib\libctru.a(gspgpu.o)
                0x0010b81c                GSPGPU_FlushDataCache
 .text.GSPGPU_SetLcdForceBlack
                0x0010b86c       0x34 C:/devkitPro/libctru/lib\libctru.a(gspgpu.o)
                0x0010b86c                GSPGPU_SetLcdForceBlack
 .text.GSPGPU_AcquireRight
                0x0010b8a0       0x68 C:/devkitPro/libctru/lib\libctru.a(gspgpu.o)
                0x0010b8a0                GSPGPU_AcquireRight
 .text.GSPGPU_ReleaseRight
                0x0010b908       0x48 C:/devkitPro/libctru/lib\libctru.a(gspgpu.o)
                0x0010b908                GSPGPU_ReleaseRight
 .text.GSPGPU_ImportDisplayCaptureInfo
                0x0010b950       0x7c C:/devkitPro/libctru/lib\libctru.a(gspgpu.o)
                0x0010b950                GSPGPU_ImportDisplayCaptureInfo
 .text.GSPGPU_SaveVramSysArea
                0x0010b9cc       0x2c C:/devkitPro/libctru/lib\libctru.a(gspgpu.o)
                0x0010b9cc                GSPGPU_SaveVramSysArea
 .text.GSPGPU_RestoreVramSysArea
                0x0010b9f8       0x2c C:/devkitPro/libctru/lib\libctru.a(gspgpu.o)
                0x0010b9f8                GSPGPU_RestoreVramSysArea
 .text.hidShouldUseIrrst
                0x0010ba24       0x24 C:/devkitPro/libctru/lib\libctru.a(hid.o)
                0x0010ba24                hidShouldUseIrrst
 .text.hidInit  0x0010ba48      0x18c C:/devkitPro/libctru/lib\libctru.a(hid.o)
                0x0010ba48                hidInit
 .text.hidExit  0x0010bbd4       0xe8 C:/devkitPro/libctru/lib\libctru.a(hid.o)
                0x0010bbd4                hidExit
 .text.hidScanInput
                0x0010bcbc      0x2a4 C:/devkitPro/libctru/lib\libctru.a(hid.o)
                0x0010bcbc                hidScanInput
 .text.hidKeysDown
                0x0010bf60       0x10 C:/devkitPro/libctru/lib\libctru.a(hid.o)
                0x0010bf60                hidKeysDown
 .text.irrstInit
                0x0010bf70      0x160 C:/devkitPro/libctru/lib\libctru.a(irrst.o)
                0x0010bf70                irrstInit
 .text.irrstExit
                0x0010c0d0       0xcc C:/devkitPro/libctru/lib\libctru.a(irrst.o)
                0x0010c0d0                irrstExit
 .text.irrstScanInput
                0x0010c19c       0xb4 C:/devkitPro/libctru/lib\libctru.a(irrst.o)
                0x0010c19c                irrstScanInput
 .text.irrstKeysHeld
                0x0010c250       0x24 C:/devkitPro/libctru/lib\libctru.a(irrst.o)
                0x0010c250                irrstKeysHeld
 .text.ptmSysmInit
                0x0010c274       0x74 C:/devkitPro/libctru/lib\libctru.a(ptmsysm.o)
                0x0010c274                ptmSysmInit
 .text.ptmSysmExit
                0x0010c2e8       0x3c C:/devkitPro/libctru/lib\libctru.a(ptmsysm.o)
                0x0010c2e8                ptmSysmExit
 .text.PTMSYSM_ConfigureNew3DSCPU
                0x0010c324       0x34 C:/devkitPro/libctru/lib\libctru.a(ptmsysm.o)
                0x0010c324                PTMSYSM_ConfigureNew3DSCPU
 .text.buffer_read
                0x0010c358       0xe0 C:/devkitPro/libctru/lib\libctru.a(decompress.o)
 .text.iov_read
                0x0010c438       0xcc C:/devkitPro/libctru/lib\libctru.a(decompress.o)
 .text.iov_memmove
                0x0010c504      0x148 C:/devkitPro/libctru/lib\libctru.a(decompress.o)
 .text.decompress_rle
                0x0010c64c      0x1dc C:/devkitPro/libctru/lib\libctru.a(decompress.o)
 .text.decompress_lzss
                0x0010c828      0x26c C:/devkitPro/libctru/lib\libctru.a(decompress.o)
 .text.decompress_lz11
                0x0010ca94      0x42c C:/devkitPro/libctru/lib\libctru.a(decompress.o)
 .text.decompress_huff
                0x0010cec0      0x36c C:/devkitPro/libctru/lib\libctru.a(decompress.o)
 .text.decompressCallback_Stdio
                0x0010d22c       0x10 C:/devkitPro/libctru/lib\libctru.a(decompress.o)
                0x0010d22c                decompressCallback_Stdio
 .text.decompressHeader
                0x0010d23c       0xe4 C:/devkitPro/libctru/lib\libctru.a(decompress.o)
                0x0010d23c                decompressHeader
 .text.decompressV
                0x0010d320      0x200 C:/devkitPro/libctru/lib\libctru.a(decompress.o)
                0x0010d320                decompressV
 .text.rbtree_find
                0x0010d520       0x74 C:/devkitPro/libctru/lib\libctru.a(rbtree_find.o)
                0x0010d520                rbtree_find
 .text.rbtree_init
                0x0010d594       0x10 C:/devkitPro/libctru/lib\libctru.a(rbtree_init.o)
                0x0010d594                rbtree_init
 .text.do_insert
                0x0010d5a4      0x19c C:/devkitPro/libctru/lib\libctru.a(rbtree_insert.o)
 .text.rbtree_insert
                0x0010d740        0x8 C:/devkitPro/libctru/lib\libctru.a(rbtree_insert.o)
                0x0010d740                rbtree_insert
 .text.rbtree_remove
                0x0010d748      0x310 C:/devkitPro/libctru/lib\libctru.a(rbtree_remove.o)
                0x0010d748                rbtree_remove
 .text.rbtree_rotate
                0x0010da58       0x90 C:/devkitPro/libctru/lib\libctru.a(rbtree_rotate.o)
                0x0010da58                rbtree_rotate
 .text.__system_allocateHeaps
                0x0010dae8      0x1e0 C:/devkitPro/libctru/lib\libctru.a(allocateHeaps.o)
                0x0010dae8                __system_allocateHeaps
 .text.__libctru_init
                0x0010dcc8       0x38 C:/devkitPro/libctru/lib\libctru.a(ctru_init.o)
                0x0010dcc8                __libctru_init
 .text.__system_initArgv
                0x0010dd00      0x160 C:/devkitPro/libctru/lib\libctru.a(initArgv.o)
                0x0010dd00                __system_initArgv
 .text.__syscall_getreent
                0x0010de60       0x30 C:/devkitPro/libctru/lib\libctru.a(syscalls.o)
                0x0010de60                __syscall_getreent
 .text.__syscall_lock_acquire
                0x0010de90        0x4 C:/devkitPro/libctru/lib\libctru.a(syscalls.o)
                0x0010de90                __syscall_lock_acquire
 .text.__syscall_lock_release
                0x0010de94        0x4 C:/devkitPro/libctru/lib\libctru.a(syscalls.o)
                0x0010de94                __syscall_lock_release
 .text.__syscall_lock_acquire_recursive
                0x0010de98        0x4 C:/devkitPro/libctru/lib\libctru.a(syscalls.o)
                0x0010de98                __syscall_lock_acquire_recursive
 .text.__syscall_lock_release_recursive
                0x0010de9c        0x4 C:/devkitPro/libctru/lib\libctru.a(syscalls.o)
                0x0010de9c                __syscall_lock_release_recursive
 .text.__syscall_exit
                0x0010dea0        0x4 C:/devkitPro/libctru/lib\libctru.a(syscalls.o)
                0x0010dea0                __syscall_exit
 .text.initThreadVars
                0x0010dea4       0x50 C:/devkitPro/libctru/lib\libctru.a(syscalls.o)
                0x0010dea4                initThreadVars
 .text.__system_initSyscalls
                0x0010def4       0x80 C:/devkitPro/libctru/lib\libctru.a(syscalls.o)
                0x0010def4                __system_initSyscalls
 .text.svcControlMemory
                0x0010df74       0x20 C:/devkitPro/libctru/lib\libctru.a(svc.o)
                0x0010df74                svcControlMemory
 .text.svcQueryMemory
                0x0010df94       0x30 C:/devkitPro/libctru/lib\libctru.a(svc.o)
                0x0010df94                svcQueryMemory
 .text.svcExitProcess
                0x0010dfc4        0x8 C:/devkitPro/libctru/lib\libctru.a(svc.o)
                0x0010dfc4                svcExitProcess
 .text.svcCreateThread
                0x0010dfcc       0x20 C:/devkitPro/libctru/lib\libctru.a(svc.o)
                0x0010dfcc                svcCreateThread
 .text.svcExitThread
                0x0010dfec        0x8 C:/devkitPro/libctru/lib\libctru.a(svc.o)
                0x0010dfec                svcExitThread
 .text.svcSleepThread
                0x0010dff4        0x8 C:/devkitPro/libctru/lib\libctru.a(svc.o)
                0x0010dff4                svcSleepThread
 .text.svcReleaseMutex
                0x0010dffc        0x8 C:/devkitPro/libctru/lib\libctru.a(svc.o)
                0x0010dffc                svcReleaseMutex
 .text.svcCreateEvent
                0x0010e004       0x14 C:/devkitPro/libctru/lib\libctru.a(svc.o)
                0x0010e004                svcCreateEvent
 .text.svcSignalEvent
                0x0010e018        0x8 C:/devkitPro/libctru/lib\libctru.a(svc.o)
                0x0010e018                svcSignalEvent
 .text.svcClearEvent
                0x0010e020        0x8 C:/devkitPro/libctru/lib\libctru.a(svc.o)
                0x0010e020                svcClearEvent
 .text.svcMapMemoryBlock
                0x0010e028        0x8 C:/devkitPro/libctru/lib\libctru.a(svc.o)
                0x0010e028                svcMapMemoryBlock
 .text.svcUnmapMemoryBlock
                0x0010e030        0x8 C:/devkitPro/libctru/lib\libctru.a(svc.o)
                0x0010e030                svcUnmapMemoryBlock
 .text.svcCreateAddressArbiter
                0x0010e038       0x14 C:/devkitPro/libctru/lib\libctru.a(svc.o)
                0x0010e038                svcCreateAddressArbiter
 .text.svcArbitrateAddressNoTimeout
                0x0010e04c        0x8 C:/devkitPro/libctru/lib\libctru.a(svc.o)
                0x0010e04c                svcArbitrateAddressNoTimeout
 .text.svcCloseHandle
                0x0010e054        0x8 C:/devkitPro/libctru/lib\libctru.a(svc.o)
                0x0010e054                svcCloseHandle
 .text.svcWaitSynchronization
                0x0010e05c        0x8 C:/devkitPro/libctru/lib\libctru.a(svc.o)
                0x0010e05c                svcWaitSynchronization
 .text.svcWaitSynchronizationN
                0x0010e064       0x28 C:/devkitPro/libctru/lib\libctru.a(svc.o)
                0x0010e064                svcWaitSynchronizationN
 .text.svcDuplicateHandle
                0x0010e08c       0x14 C:/devkitPro/libctru/lib\libctru.a(svc.o)
                0x0010e08c                svcDuplicateHandle
 .text.svcGetSystemTick
                0x0010e0a0        0x8 C:/devkitPro/libctru/lib\libctru.a(svc.o)
                0x0010e0a0                svcGetSystemTick
 .text.svcConnectToPort
                0x0010e0a8       0x14 C:/devkitPro/libctru/lib\libctru.a(svc.o)
                0x0010e0a8                svcConnectToPort
 .text.svcSendSyncRequest
                0x0010e0bc        0x8 C:/devkitPro/libctru/lib\libctru.a(svc.o)
                0x0010e0bc                svcSendSyncRequest
 .text.svcGetResourceLimit
                0x0010e0c4       0x14 C:/devkitPro/libctru/lib\libctru.a(svc.o)
                0x0010e0c4                svcGetResourceLimit
 .text.svcGetResourceLimitLimitValues
                0x0010e0d8        0x8 C:/devkitPro/libctru/lib\libctru.a(svc.o)
                0x0010e0d8                svcGetResourceLimitLimitValues
 .text.svcGetResourceLimitCurrentValues
                0x0010e0e0        0x8 C:/devkitPro/libctru/lib\libctru.a(svc.o)
                0x0010e0e0                svcGetResourceLimitCurrentValues
 .text.svcBreak
                0x0010e0e8        0x8 C:/devkitPro/libctru/lib\libctru.a(svc.o)
                0x0010e0e8                svcBreak
 .text.initSystem
                0x0010e0f0       0x50 C:/devkitPro/libctru/lib\libctru.a(stack_adjust.o)
                0x0010e0f0                initSystem
 .text.__ctru_exit
                0x0010e140       0x14 C:/devkitPro/libctru/lib\libctru.a(stack_adjust.o)
                0x0010e140                __ctru_exit
 .text.envGetHandle
                0x0010e154       0x84 C:/devkitPro/libctru/lib\libctru.a(env.o)
                0x0010e154                envGetHandle
 .text.envDestroyHandles
                0x0010e1d8       0x50 C:/devkitPro/libctru/lib\libctru.a(env.o)
                0x0010e1d8                envDestroyHandles
 .text.srvInit  0x0010e228      0x12c C:/devkitPro/libctru/lib\libctru.a(srv.o)
                0x0010e228                srvInit
 .text.srvExit  0x0010e354       0x58 C:/devkitPro/libctru/lib\libctru.a(srv.o)
                0x0010e354                srvExit
 .text.srvEnableNotification
                0x0010e3ac       0x60 C:/devkitPro/libctru/lib\libctru.a(srv.o)
                0x0010e3ac                srvEnableNotification
 .text.srvGetServiceHandleDirect
                0x0010e40c       0xa0 C:/devkitPro/libctru/lib\libctru.a(srv.o)
                0x0010e40c                srvGetServiceHandleDirect
 .text.srvGetServiceHandle
                0x0010e4ac       0x38 C:/devkitPro/libctru/lib\libctru.a(srv.o)
                0x0010e4ac                srvGetServiceHandle
 .text.srvSubscribe
                0x0010e4e4       0x34 C:/devkitPro/libctru/lib\libctru.a(srv.o)
                0x0010e4e4                srvSubscribe
 .text.srvReceiveNotification
                0x0010e518       0x60 C:/devkitPro/libctru/lib\libctru.a(srv.o)
                0x0010e518                srvReceiveNotification
 .text.srvPublishToSubscriber
                0x0010e578       0x38 C:/devkitPro/libctru/lib\libctru.a(srv.o)
                0x0010e578                srvPublishToSubscriber
 .text.__sync_init
                0x0010e5b0        0xc C:/devkitPro/libctru/lib\libctru.a(synchronization.o)
                0x0010e5b0                __sync_init
 .text.__sync_fini
                0x0010e5bc       0x18 C:/devkitPro/libctru/lib\libctru.a(synchronization.o)
                0x0010e5bc                __sync_fini
 .text.syncArbitrateAddress
                0x0010e5d4       0x2c C:/devkitPro/libctru/lib\libctru.a(synchronization.o)
                0x0010e5d4                syncArbitrateAddress
 .text.LightLock_Lock
                0x0010e600       0xb0 C:/devkitPro/libctru/lib\libctru.a(synchronization.o)
                0x0010e600                LightLock_Lock
 .text.LightLock_Unlock
                0x0010e6b0       0x40 C:/devkitPro/libctru/lib\libctru.a(synchronization.o)
                0x0010e6b0                LightLock_Unlock
 .text.RecursiveLock_Lock
                0x0010e6f0       0x30 C:/devkitPro/libctru/lib\libctru.a(synchronization.o)
                0x0010e6f0                RecursiveLock_Lock
 .text.RecursiveLock_Unlock
                0x0010e720       0x54 C:/devkitPro/libctru/lib\libctru.a(synchronization.o)
                0x0010e720                RecursiveLock_Unlock
 .text.LightEvent_Init
                0x0010e774       0x40 C:/devkitPro/libctru/lib\libctru.a(synchronization.o)
                0x0010e774                LightEvent_Init
 .text.LightEvent_Clear
                0x0010e7b4       0xa4 C:/devkitPro/libctru/lib\libctru.a(synchronization.o)
                0x0010e7b4                LightEvent_Clear
 .text.LightEvent_Signal
                0x0010e858       0xc8 C:/devkitPro/libctru/lib\libctru.a(synchronization.o)
                0x0010e858                LightEvent_Signal
 .text.LightEvent_TryWait
                0x0010e920       0x50 C:/devkitPro/libctru/lib\libctru.a(synchronization.o)
                0x0010e920                LightEvent_TryWait
 .text.LightEvent_Wait
                0x0010e970       0xa0 C:/devkitPro/libctru/lib\libctru.a(synchronization.o)
                0x0010e970                LightEvent_Wait
 .text.threadCreate
                0x0010ea10      0x1d4 C:/devkitPro/libctru/lib\libctru.a(thread.o)
                0x0010ea10                threadCreate
 .text.threadFree
                0x0010ebe4       0x2c C:/devkitPro/libctru/lib\libctru.a(thread.o)
                0x0010ebe4                threadFree
 .text.threadJoin
                0x0010ec10       0x24 C:/devkitPro/libctru/lib\libctru.a(thread.o)
                0x0010ec10                threadJoin
 .text.threadGetCurrent
                0x0010ec34       0x30 C:/devkitPro/libctru/lib\libctru.a(thread.o)
                0x0010ec34                threadGetCurrent
 .text.threadExit
                0x0010ec64       0x40 C:/devkitPro/libctru/lib\libctru.a(thread.o)
                0x0010ec64                threadExit
 .text._thread_begin
                0x0010eca4       0x20 C:/devkitPro/libctru/lib\libctru.a(thread.o)
 .text.mappableFindAddressWithin
                0x0010ecc4       0x90 C:/devkitPro/libctru/lib\libctru.a(mappable.o)
 .text.mappableInit
                0x0010ed54       0x28 C:/devkitPro/libctru/lib\libctru.a(mappable.o)
                0x0010ed54                mappableInit
 .text.mappableAlloc
                0x0010ed7c       0x80 C:/devkitPro/libctru/lib\libctru.a(mappable.o)
                0x0010ed7c                mappableAlloc
 .text.mappableFree
                0x0010edfc        0x4 C:/devkitPro/libctru/lib\libctru.a(mappable.o)
                0x0010edfc                mappableFree
 .text.srvPmGetSessionHandle
                0x0010ee00        0xc C:/devkitPro/libctru/lib\libctru.a(srvpm.o)
                0x0010ee00                srvPmGetSessionHandle
 .text.rbtree_node_next
                0x0010ee0c       0x5c C:/devkitPro/libctru/lib\libctru.a(rbtree_iterator.o)
                0x0010ee0c                rbtree_node_next
 .text.__appExit
                0x0010ee68       0x30 C:/devkitPro/libctru/lib\libctru.a(appExit.o)
                0x0010ee68                __appExit
 .text.__appInit
                0x0010ee98       0x30 C:/devkitPro/libctru/lib\libctru.a(appInit.o)
                0x0010ee98                __appInit
 .text.__libctru_exit
                0x0010eec8       0x90 C:/devkitPro/libctru/lib\libctru.a(ctru_exit.o)
                0x0010eec8                __libctru_exit
 .text.archive_link
                0x0010ef58       0x14 C:/devkitPro/libctru/lib\libctru.a(archive_dev.o)
 .text.archive_dirreset
                0x0010ef6c       0x14 C:/devkitPro/libctru/lib\libctru.a(archive_dev.o)
 .text.archive_chmod
                0x0010ef80       0x14 C:/devkitPro/libctru/lib\libctru.a(archive_dev.o)
 .text.error_cmp
                0x0010ef94       0x24 C:/devkitPro/libctru/lib\libctru.a(archive_dev.o)
 .text.archive_translate_error
                0x0010efb8       0x50 C:/devkitPro/libctru/lib\libctru.a(archive_dev.o)
 .text.archive_seek
                0x0010f008       0xc4 C:/devkitPro/libctru/lib\libctru.a(archive_dev.o)
 .text._archiveInit.part.0
                0x0010f0cc       0x78 C:/devkitPro/libctru/lib\libctru.a(archive_dev.o)
 .text.archiveFindDevice.part.0
                0x0010f144       0xc4 C:/devkitPro/libctru/lib\libctru.a(archive_dev.o)
 .text.archive_utf16path
                0x0010f208      0x290 C:/devkitPro/libctru/lib\libctru.a(archive_dev.o)
 .text._archiveUnmountDeviceStruct.part.0
                0x0010f498       0x9c C:/devkitPro/libctru/lib\libctru.a(archive_dev.o)
 .text.archive_statvfs
                0x0010f534       0x14 C:/devkitPro/libctru/lib\libctru.a(archive_dev.o)
 .text.archive_fchmod
                0x0010f548       0x14 C:/devkitPro/libctru/lib\libctru.a(archive_dev.o)
 .text._archiveMountDevice
                0x0010f55c      0x168 C:/devkitPro/libctru/lib\libctru.a(archive_dev.o)
 .text.archive_diropen
                0x0010f6c4       0xe8 C:/devkitPro/libctru/lib\libctru.a(archive_dev.o)
 .text.archive_fstat
                0x0010f7ac       0xa4 C:/devkitPro/libctru/lib\libctru.a(archive_dev.o)
 .text.archive_fsync
                0x0010f850       0x6c C:/devkitPro/libctru/lib\libctru.a(archive_dev.o)
 .text.archive_close
                0x0010f8bc       0x6c C:/devkitPro/libctru/lib\libctru.a(archive_dev.o)
 .text.archive_dirclose
                0x0010f928       0x70 C:/devkitPro/libctru/lib\libctru.a(archive_dev.o)
 .text.sdmc_statvfs
                0x0010f998       0xe4 C:/devkitPro/libctru/lib\libctru.a(archive_dev.o)
 .text.archive_chdir
                0x0010fa7c       0xec C:/devkitPro/libctru/lib\libctru.a(archive_dev.o)
 .text.archive_ftruncate
                0x0010fb68       0x7c C:/devkitPro/libctru/lib\libctru.a(archive_dev.o)
 .text.archive_read
                0x0010fbe4       0xac C:/devkitPro/libctru/lib\libctru.a(archive_dev.o)
 .text.archive_unlink
                0x0010fc90       0xa4 C:/devkitPro/libctru/lib\libctru.a(archive_dev.o)
 .text.archive_rmdir
                0x0010fd34       0xbc C:/devkitPro/libctru/lib\libctru.a(archive_dev.o)
 .text.archive_mkdir
                0x0010fdf0       0xdc C:/devkitPro/libctru/lib\libctru.a(archive_dev.o)
 .text.archive_stat
                0x0010fecc      0x194 C:/devkitPro/libctru/lib\libctru.a(archive_dev.o)
 .text.archive_dirnext
                0x00110060      0x15c C:/devkitPro/libctru/lib\libctru.a(archive_dev.o)
 .text.archive_write
                0x001101bc      0x124 C:/devkitPro/libctru/lib\libctru.a(archive_dev.o)
 .text.archive_open
                0x001102e0      0x210 C:/devkitPro/libctru/lib\libctru.a(archive_dev.o)
 .text.archive_rename
                0x001104f0      0x268 C:/devkitPro/libctru/lib\libctru.a(archive_dev.o)
 .text.archiveMountSdmc
                0x00110758      0x19c C:/devkitPro/libctru/lib\libctru.a(archive_dev.o)
                0x00110758                archiveMountSdmc
 .text.archiveUnmountAll
                0x001108f4       0x54 C:/devkitPro/libctru/lib\libctru.a(archive_dev.o)
                0x001108f4                archiveUnmountAll
 .text.fsInit   0x00110948       0xd0 C:/devkitPro/libctru/lib\libctru.a(fs.o)
                0x00110948                fsInit
 .text.fsExit   0x00110a18       0x3c C:/devkitPro/libctru/lib\libctru.a(fs.o)
                0x00110a18                fsExit
 .text.fsExemptFromSession
                0x00110a54       0x60 C:/devkitPro/libctru/lib\libctru.a(fs.o)
                0x00110a54                fsExemptFromSession
 .text.fsUnexemptFromSession
                0x00110ab4       0x50 C:/devkitPro/libctru/lib\libctru.a(fs.o)
                0x00110ab4                fsUnexemptFromSession
 .text.FSUSER_OpenFile
                0x00110b04       0xcc C:/devkitPro/libctru/lib\libctru.a(fs.o)
                0x00110b04                FSUSER_OpenFile
 .text.FSUSER_DeleteFile
                0x00110bd0       0xbc C:/devkitPro/libctru/lib\libctru.a(fs.o)
                0x00110bd0                FSUSER_DeleteFile
 .text.FSUSER_RenameFile
                0x00110c8c       0xf8 C:/devkitPro/libctru/lib\libctru.a(fs.o)
                0x00110c8c                FSUSER_RenameFile
 .text.FSUSER_DeleteDirectory
                0x00110d84       0xbc C:/devkitPro/libctru/lib\libctru.a(fs.o)
                0x00110d84                FSUSER_DeleteDirectory
 .text.FSUSER_CreateFile
                0x00110e40       0xd4 C:/devkitPro/libctru/lib\libctru.a(fs.o)
                0x00110e40                FSUSER_CreateFile
 .text.FSUSER_CreateDirectory
                0x00110f14       0xc4 C:/devkitPro/libctru/lib\libctru.a(fs.o)
                0x00110f14                FSUSER_CreateDirectory
 .text.FSUSER_RenameDirectory
                0x00110fd8       0xf8 C:/devkitPro/libctru/lib\libctru.a(fs.o)
                0x00110fd8                FSUSER_RenameDirectory
 .text.FSUSER_OpenDirectory
                0x001110d0       0xb4 C:/devkitPro/libctru/lib\libctru.a(fs.o)
                0x001110d0                FSUSER_OpenDirectory
 .text.FSUSER_OpenArchive
                0x00111184       0x94 C:/devkitPro/libctru/lib\libctru.a(fs.o)
                0x00111184                FSUSER_OpenArchive
 .text.FSUSER_CloseArchive
                0x00111218       0x8c C:/devkitPro/libctru/lib\libctru.a(fs.o)
                0x00111218                FSUSER_CloseArchive
 .text.FSUSER_GetSdmcArchiveResource
                0x001112a4       0x74 C:/devkitPro/libctru/lib\libctru.a(fs.o)
                0x001112a4                FSUSER_GetSdmcArchiveResource
 .text.FSUSER_IsSdmcWritable
                0x00111318       0x64 C:/devkitPro/libctru/lib\libctru.a(fs.o)
                0x00111318                FSUSER_IsSdmcWritable
 .text.FSFILE_Read
                0x0011137c       0x58 C:/devkitPro/libctru/lib\libctru.a(fs.o)
                0x0011137c                FSFILE_Read
 .text.FSFILE_Write
                0x001113d4       0x60 C:/devkitPro/libctru/lib\libctru.a(fs.o)
                0x001113d4                FSFILE_Write
 .text.FSFILE_GetSize
                0x00111434       0x38 C:/devkitPro/libctru/lib\libctru.a(fs.o)
                0x00111434                FSFILE_GetSize
 .text.FSFILE_SetSize
                0x0011146c       0x28 C:/devkitPro/libctru/lib\libctru.a(fs.o)
                0x0011146c                FSFILE_SetSize
 .text.FSFILE_Close
                0x00111494       0x3c C:/devkitPro/libctru/lib\libctru.a(fs.o)
                0x00111494                FSFILE_Close
 .text.FSFILE_Flush
                0x001114d0       0x24 C:/devkitPro/libctru/lib\libctru.a(fs.o)
                0x001114d0                FSFILE_Flush
 .text.FSDIR_Read
                0x001114f4       0x50 C:/devkitPro/libctru/lib\libctru.a(fs.o)
                0x001114f4                FSDIR_Read
 .text.FSDIR_Close
                0x00111544       0x3c C:/devkitPro/libctru/lib\libctru.a(fs.o)
                0x00111544                FSDIR_Close
 .text.decode_utf8
                0x00111580      0x13c C:/devkitPro/libctru/lib\libctru.a(decode_utf8.o)
                0x00111580                decode_utf8
 .text.utf16_to_utf8
                0x001116bc       0xe8 C:/devkitPro/libctru/lib\libctru.a(utf16_to_utf8.o)
                0x001116bc                utf16_to_utf8
 .text.utf8_to_utf16
                0x001117a4       0xc0 C:/devkitPro/libctru/lib\libctru.a(utf8_to_utf16.o)
                0x001117a4                utf8_to_utf16
 .text.__aeabi_read_tp
                0x00111864        0xc C:/devkitPro/libctru/lib\libctru.a(readtp.o)
                0x00111864                __aeabi_read_tp
 .text.decode_utf16
                0x00111870       0x64 C:/devkitPro/libctru/lib\libctru.a(decode_utf16.o)
                0x00111870                decode_utf16
 .text.encode_utf16
                0x001118d4       0x54 C:/devkitPro/libctru/lib\libctru.a(encode_utf16.o)
                0x001118d4                encode_utf16
 .text.encode_utf8
                0x00111928       0xe0 C:/devkitPro/libctru/lib\libctru.a(encode_utf8.o)
                0x00111928                encode_utf8
 .text.sinf     0x00111a08      0x25c C:/devkitPro/devkitARM/bin/../lib/gcc/arm-none-eabi/14.2.0/../../../../arm-none-eabi/lib/armv6k/fpu\libm.a(libm_a-sinf.o)
                0x00111a08                sinf
 .text.with_errnof
                0x00111c64       0x24 C:/devkitPro/devkitARM/bin/../lib/gcc/arm-none-eabi/14.2.0/../../../../arm-none-eabi/lib/armv6k/fpu\libm.a(libm_a-math_errf.o)
 .text.__math_invalidf
                0x00111c88       0x1c C:/devkitPro/devkitARM/bin/../lib/gcc/arm-none-eabi/14.2.0/../../../../arm-none-eabi/lib/armv6k/fpu\libm.a(libm_a-math_errf.o)
                0x00111c88                __math_invalidf
 *fill*         0x00111ca4        0x4 
 .text.cosf     0x00111ca8      0x21c C:/devkitPro/devkitARM/bin/../lib/gcc/arm-none-eabi/14.2.0/../../../../arm-none-eabi/lib/armv6k/fpu\libm.a(libm_a-cosf.o)
                0x00111ca8                cosf
 .text.strncmp  0x00111ec4       0xd8 C:/devkitPro/devkitARM/bin/../lib/gcc/arm-none-eabi/14.2.0/../../../../arm-none-eabi/lib/armv6k/fpu\libg.a(libc_a-strncmp.o)
                0x00111ec4                strncmp
 .text.strlen   0x00111f9c       0x5c C:/devkitPro/devkitARM/bin/../lib/gcc/arm-none-eabi/14.2.0/../../../../arm-none-eabi/lib/armv6k/fpu\libg.a(libc_a-strlen-stub.o)
                0x00111f9c                strlen
 .text._strtoul_l.isra.0
                0x00111ff8      0x1e4 C:/devkitPro/devkitARM/bin/../lib/gcc/arm-none-eabi/14.2.0/../../../../arm-none-eabi/lib/armv6k/fpu\libg.a(libc_a-strtoul.o)
 .text.strtoul  0x001121dc       0x34 C:/devkitPro/devkitARM/bin/../lib/gcc/arm-none-eabi/14.2.0/../../../../arm-none-eabi/lib/armv6k/fpu\libg.a(libc_a-strtoul.o)
                0x001121dc                strtoul
 .text.strncat  0x00112210       0xe4 C:/devkitPro/devkitARM/bin/../lib/gcc/arm-none-eabi/14.2.0/../../../../arm-none-eabi/lib/armv6k/fpu\libg.a(libc_a-strncat.o)
                0x00112210                strncat
 .text.bsearch  0x001122f4       0x78 C:/devkitPro/devkitARM/bin/../lib/gcc/arm-none-eabi/14.2.0/../../../../arm-none-eabi/lib/armv6k/fpu\libg.a(libc_a-bsearch.o)
                0x001122f4                bsearch
 .text._fread_r
                0x0011236c      0x344 C:/devkitPro/devkitARM/bin/../lib/gcc/arm-none-eabi/14.2.0/../../../../arm-none-eabi/lib/armv6k/fpu\libg.a(libc_a-fread.o)
                0x0011236c                _fread_r
 .text.fread    0x001126b0       0x38 C:/devkitPro/devkitARM/bin/../lib/gcc/arm-none-eabi/14.2.0/../../../../arm-none-eabi/lib/armv6k/fpu\libg.a(libc_a-fread.o)
                0x001126b0                fread
 .text.calloc   0x001126e8       0x20 C:/devkitPro/devkitARM/bin/../lib/gcc/arm-none-eabi/14.2.0/../../../../arm-none-eabi/lib/armv6k/fpu\libg.a(libc_a-calloc.o)
                0x001126e8                calloc
 .text.lflush   0x00112708       0x38 C:/devkitPro/devkitARM/bin/../lib/gcc/arm-none-eabi/14.2.0/../../../../arm-none-eabi/lib/armv6k/fpu\libg.a(libc_a-refill.o)
 .text.__srefill_r
                0x00112740      0x19c C:/devkitPro/devkitARM/bin/../lib/gcc/arm-none-eabi/14.2.0/../../../../arm-none-eabi/lib/armv6k/fpu\libg.a(libc_a-refill.o)
                0x00112740                __srefill_r
 .text._fclose_r
                0x001128dc      0x148 C:/devkitPro/devkitARM/bin/../lib/gcc/arm-none-eabi/14.2.0/../../../../arm-none-eabi/lib/armv6k/fpu\libg.a(libc_a-fclose.o)
                0x001128dc                _fclose_r
 .text.fclose   0x00112a24       0x18 C:/devkitPro/devkitARM/bin/../lib/gcc/arm-none-eabi/14.2.0/../../../../arm-none-eabi/lib/armv6k/fpu\libg.a(libc_a-fclose.o)
                0x00112a24                fclose
 .text._calloc_r
                0x00112a3c       0xc0 C:/devkitPro/devkitARM/bin/../lib/gcc/arm-none-eabi/14.2.0/../../../../arm-none-eabi/lib/armv6k/fpu\libg.a(libc_a-callocr.o)
                0x00112a3c                _calloc_r
 .text.__smakebuf_r
                0x00112afc      0x144 C:/devkitPro/devkitARM/bin/../lib/gcc/arm-none-eabi/14.2.0/../../../../arm-none-eabi/lib/armv6k/fpu\libg.a(libc_a-makebuf.o)
                0x00112afc                __smakebuf_r
 .text.__swhatbuf_r
                0x00112c40       0x8c C:/devkitPro/devkitARM/bin/../lib/gcc/arm-none-eabi/14.2.0/../../../../arm-none-eabi/lib/armv6k/fpu\libg.a(libc_a-makebuf.o)
                0x00112c40                __swhatbuf_r
 .text.memalign
                0x00112ccc       0x20 C:/devkitPro/devkitARM/bin/../lib/gcc/arm-none-eabi/14.2.0/../../../../arm-none-eabi/lib/armv6k/fpu\libg.a(libc_a-malign.o)
                0x00112ccc                memalign
 .text.stdio_exit_handler
                0x00112cec       0x1c C:/devkitPro/devkitARM/bin/../lib/gcc/arm-none-eabi/14.2.0/../../../../arm-none-eabi/lib/armv6k/fpu\libg.a(libc_a-findfp.o)
 .text.cleanup_stdio
                0x00112d08       0x5c C:/devkitPro/devkitARM/bin/../lib/gcc/arm-none-eabi/14.2.0/../../../../arm-none-eabi/lib/armv6k/fpu\libg.a(libc_a-findfp.o)
 .text.global_stdio_init.part.0
                0x00112d64      0x154 C:/devkitPro/devkitARM/bin/../lib/gcc/arm-none-eabi/14.2.0/../../../../arm-none-eabi/lib/armv6k/fpu\libg.a(libc_a-findfp.o)
 .text.__sfp    0x00112eb8      0x134 C:/devkitPro/devkitARM/bin/../lib/gcc/arm-none-eabi/14.2.0/../../../../arm-none-eabi/lib/armv6k/fpu\libg.a(libc_a-findfp.o)
                0x00112eb8                __sfp
 .text.__sinit  0x00112fec       0x5c C:/devkitPro/devkitARM/bin/../lib/gcc/arm-none-eabi/14.2.0/../../../../arm-none-eabi/lib/armv6k/fpu\libg.a(libc_a-findfp.o)
                0x00112fec                __sinit
 .text.__sfp_lock_acquire
                0x00113048        0xc C:/devkitPro/devkitARM/bin/../lib/gcc/arm-none-eabi/14.2.0/../../../../arm-none-eabi/lib/armv6k/fpu\libg.a(libc_a-findfp.o)
                0x00113048                __sfp_lock_acquire
 .text.__sfp_lock_release
                0x00113054        0xc C:/devkitPro/devkitARM/bin/../lib/gcc/arm-none-eabi/14.2.0/../../../../arm-none-eabi/lib/armv6k/fpu\libg.a(libc_a-findfp.o)
                0x00113054                __sfp_lock_release
 .text._malloc_r
                0x00113060      0x7e8 C:/devkitPro/devkitARM/bin/../lib/gcc/arm-none-eabi/14.2.0/../../../../arm-none-eabi/lib/armv6k/fpu\libg.a(libc_a-mallocr.o)
                0x00113060                _malloc_r
 .text._malloc_trim_r
                0x00113848       0xf8 C:/devkitPro/devkitARM/bin/../lib/gcc/arm-none-eabi/14.2.0/../../../../arm-none-eabi/lib/armv6k/fpu\libg.a(libc_a-freer.o)
                0x00113848                _malloc_trim_r
 .text._free_r  0x00113940      0x300 C:/devkitPro/devkitARM/bin/../lib/gcc/arm-none-eabi/14.2.0/../../../../arm-none-eabi/lib/armv6k/fpu\libg.a(libc_a-freer.o)
                0x00113940                _free_r
 .text.setvbuf  0x00113c40      0x294 C:/devkitPro/devkitARM/bin/../lib/gcc/arm-none-eabi/14.2.0/../../../../arm-none-eabi/lib/armv6k/fpu\libg.a(libc_a-setvbuf.o)
                0x00113c40                setvbuf
 .text.strnlen  0x00113ed4       0x4c C:/devkitPro/devkitARM/bin/../lib/gcc/arm-none-eabi/14.2.0/../../../../arm-none-eabi/lib/armv6k/fpu\libg.a(libc_a-strnlen.o)
                0x00113ed4                strnlen
 .text.__errno  0x00113f20        0xc C:/devkitPro/devkitARM/bin/../lib/gcc/arm-none-eabi/14.2.0/../../../../arm-none-eabi/lib/armv6k/fpu\libg.a(libc_a-errno.o)
                0x00113f20                __errno
 .text.malloc   0x00113f2c       0x34 C:/devkitPro/devkitARM/bin/../lib/gcc/arm-none-eabi/14.2.0/../../../../arm-none-eabi/lib/armv6k/fpu\libg.a(libc_a-malloc.o)
                0x00113f2c                malloc
 .text.free     0x00113f60       0x18 C:/devkitPro/devkitARM/bin/../lib/gcc/arm-none-eabi/14.2.0/../../../../arm-none-eabi/lib/armv6k/fpu\libg.a(libc_a-malloc.o)
                0x00113f60                free
 .text.memcpy   0x00113f78      0x130 C:/devkitPro/devkitARM/bin/../lib/gcc/arm-none-eabi/14.2.0/../../../../arm-none-eabi/lib/armv6k/fpu\libg.a(libc_a-memcpy-stub.o)
                0x00113f78                memcpy
 .text._fopen_r
                0x001140a8      0x134 C:/devkitPro/devkitARM/bin/../lib/gcc/arm-none-eabi/14.2.0/../../../../arm-none-eabi/lib/armv6k/fpu\libg.a(libc_a-fopen.o)
                0x001140a8                _fopen_r
 .text.fopen    0x001141dc       0x20 C:/devkitPro/devkitARM/bin/../lib/gcc/arm-none-eabi/14.2.0/../../../../arm-none-eabi/lib/armv6k/fpu\libg.a(libc_a-fopen.o)
                0x001141dc                fopen
 .text._puts_r  0x001141fc       0xe0 C:/devkitPro/devkitARM/bin/../lib/gcc/arm-none-eabi/14.2.0/../../../../arm-none-eabi/lib/armv6k/fpu\libg.a(libc_a-puts.o)
                0x001141fc                _puts_r
 .text.puts     0x001142dc       0x18 C:/devkitPro/devkitARM/bin/../lib/gcc/arm-none-eabi/14.2.0/../../../../arm-none-eabi/lib/armv6k/fpu\libg.a(libc_a-puts.o)
                0x001142dc                puts
 .text.memset   0x001142f4       0xe8 C:/devkitPro/devkitARM/bin/../lib/gcc/arm-none-eabi/14.2.0/../../../../arm-none-eabi/lib/armv6k/fpu\libg.a(libc_a-memset.o)
                0x001142f4                memset
 .text._fwalk_sglue
                0x001143dc       0x70 C:/devkitPro/devkitARM/bin/../lib/gcc/arm-none-eabi/14.2.0/../../../../arm-none-eabi/lib/armv6k/fpu\libg.a(libc_a-fwalk.o)
                0x001143dc                _fwalk_sglue
 .text.__malloc_lock
                0x0011444c        0xc C:/devkitPro/devkitARM/bin/../lib/gcc/arm-none-eabi/14.2.0/../../../../arm-none-eabi/lib/armv6k/fpu\libg.a(libc_a-mlock.o)
                0x0011444c                __malloc_lock
 .text.__malloc_unlock
                0x00114458        0xc C:/devkitPro/devkitARM/bin/../lib/gcc/arm-none-eabi/14.2.0/../../../../arm-none-eabi/lib/armv6k/fpu\libg.a(libc_a-mlock.o)
                0x00114458                __malloc_unlock
 .text.__call_exitprocs
                0x00114464        0x4 C:/devkitPro/devkitARM/bin/../lib/gcc/arm-none-eabi/14.2.0/../../../../arm-none-eabi/lib/armv6k/fpu\libg.a(libc_a-exit.o)
                0x00114464                __call_exitprocs
 .text.exit     0x00114468       0x30 C:/devkitPro/devkitARM/bin/../lib/gcc/arm-none-eabi/14.2.0/../../../../arm-none-eabi/lib/armv6k/fpu\libg.a(libc_a-exit.o)
                0x00114468                exit
 .text._fseek_r
                0x00114498       0x1c C:/devkitPro/devkitARM/bin/../lib/gcc/arm-none-eabi/14.2.0/../../../../arm-none-eabi/lib/armv6k/fpu\libg.a(libc_a-fseek.o)
                0x00114498                _fseek_r
 .text.strncpy  0x001144b4       0xc4 C:/devkitPro/devkitARM/bin/../lib/gcc/arm-none-eabi/14.2.0/../../../../arm-none-eabi/lib/armv6k/fpu\libg.a(libc_a-strncpy.o)
                0x001144b4                strncpy
 .text.__sflags
                0x00114578       0xb4 C:/devkitPro/devkitARM/bin/../lib/gcc/arm-none-eabi/14.2.0/../../../../arm-none-eabi/lib/armv6k/fpu\libg.a(libc_a-flags.o)
                0x00114578                __sflags
 .text.__libc_init_array
                0x0011462c       0x84 C:/devkitPro/devkitARM/bin/../lib/gcc/arm-none-eabi/14.2.0/../../../../arm-none-eabi/lib/armv6k/fpu\libg.a(libc_a-init.o)
                0x0011462c                __libc_init_array
 .text.__sflush_r
                0x001146b0      0x228 C:/devkitPro/devkitARM/bin/../lib/gcc/arm-none-eabi/14.2.0/../../../../arm-none-eabi/lib/armv6k/fpu\libg.a(libc_a-fflush.o)
                0x001146b0                __sflush_r
 .text._fflush_r
                0x001148d8       0x94 C:/devkitPro/devkitARM/bin/../lib/gcc/arm-none-eabi/14.2.0/../../../../arm-none-eabi/lib/armv6k/fpu\libg.a(libc_a-fflush.o)
                0x001148d8                _fflush_r
 .text.__sfvwrite_r
                0x0011496c      0x480 C:/devkitPro/devkitARM/bin/../lib/gcc/arm-none-eabi/14.2.0/../../../../arm-none-eabi/lib/armv6k/fpu\libg.a(libc_a-fvwrite.o)
                0x0011496c                __sfvwrite_r
 .text._memalign_r
                0x00114dec      0x150 C:/devkitPro/devkitARM/bin/../lib/gcc/arm-none-eabi/14.2.0/../../../../arm-none-eabi/lib/armv6k/fpu\libg.a(libc_a-malignr.o)
                0x00114dec                _memalign_r
 .text.memchr   0x00114f3c       0xe0 C:/devkitPro/devkitARM/bin/../lib/gcc/arm-none-eabi/14.2.0/../../../../arm-none-eabi/lib/armv6k/fpu\libg.a(libc_a-memchr-stub.o)
                0x00114f3c                memchr
 .text.__libc_fini_array
                0x0011501c       0x3c C:/devkitPro/devkitARM/bin/../lib/gcc/arm-none-eabi/14.2.0/../../../../arm-none-eabi/lib/armv6k/fpu\libg.a(libc_a-fini.o)
                0x0011501c                __libc_fini_array
 .text._fseeko_r
                0x00115058      0x58c C:/devkitPro/devkitARM/bin/../lib/gcc/arm-none-eabi/14.2.0/../../../../arm-none-eabi/lib/armv6k/fpu\libg.a(libc_a-fseeko.o)
                0x00115058                _fseeko_r
 .text.__sread  0x001155e4       0x44 C:/devkitPro/devkitARM/bin/../lib/gcc/arm-none-eabi/14.2.0/../../../../arm-none-eabi/lib/armv6k/fpu\libg.a(libc_a-stdio.o)
                0x001155e4                __sread
 .text.__swrite
                0x00115628       0x68 C:/devkitPro/devkitARM/bin/../lib/gcc/arm-none-eabi/14.2.0/../../../../arm-none-eabi/lib/armv6k/fpu\libg.a(libc_a-stdio.o)
                0x00115628                __swrite
 .text.__sseek  0x00115690       0x40 C:/devkitPro/devkitARM/bin/../lib/gcc/arm-none-eabi/14.2.0/../../../../arm-none-eabi/lib/armv6k/fpu\libg.a(libc_a-stdio.o)
                0x00115690                __sseek
 .text.__sclose
                0x001156d0        0x8 C:/devkitPro/devkitARM/bin/../lib/gcc/arm-none-eabi/14.2.0/../../../../arm-none-eabi/lib/armv6k/fpu\libg.a(libc_a-stdio.o)
                0x001156d0                __sclose
 .text._realloc_r
                0x001156d8      0x4a4 C:/devkitPro/devkitARM/bin/../lib/gcc/arm-none-eabi/14.2.0/../../../../arm-none-eabi/lib/armv6k/fpu\libg.a(libc_a-reallocr.o)
                0x001156d8                _realloc_r
 .text.__swsetup_r
                0x00115b7c      0x194 C:/devkitPro/devkitARM/bin/../lib/gcc/arm-none-eabi/14.2.0/../../../../arm-none-eabi/lib/armv6k/fpu\libg.a(libc_a-wsetup.o)
                0x00115b7c                __swsetup_r
 .text.memmove  0x00115d10      0x160 C:/devkitPro/devkitARM/bin/../lib/gcc/arm-none-eabi/14.2.0/../../../../arm-none-eabi/lib/armv6k/fpu\libg.a(libc_a-memmove.o)
                0x00115d10                memmove
 .text._exit    0x00115e70       0x20 C:/devkitPro/devkitARM/bin/../lib/gcc/arm-none-eabi/14.2.0/../../../../arm-none-eabi/lib/armv6k/fpu\libsysbase.a(libsysbase_libsysbase_a-_exit.o)
                0x00115e70                _exit
 .text.chdir    0x00115e90      0x13c C:/devkitPro/devkitARM/bin/../lib/gcc/arm-none-eabi/14.2.0/../../../../arm-none-eabi/lib/armv6k/fpu\libsysbase.a(libsysbase_libsysbase_a-chdir.o)
                0x00115e90                chdir
 .text._concatenate_path
                0x00115fcc      0x1cc C:/devkitPro/devkitARM/bin/../lib/gcc/arm-none-eabi/14.2.0/../../../../arm-none-eabi/lib/armv6k/fpu\libsysbase.a(libsysbase_libsysbase_a-concatenate.o)
                0x00115fcc                _concatenate_path
 .text._fstat_r
                0x00116198       0x88 C:/devkitPro/devkitARM/bin/../lib/gcc/arm-none-eabi/14.2.0/../../../../arm-none-eabi/lib/armv6k/fpu\libsysbase.a(libsysbase_libsysbase_a-fstat.o)
                0x00116198                _fstat_r
 .text.__getreent
                0x00116220       0x2c C:/devkitPro/devkitARM/bin/../lib/gcc/arm-none-eabi/14.2.0/../../../../arm-none-eabi/lib/armv6k/fpu\libsysbase.a(libsysbase_libsysbase_a-getreent.o)
                0x00116220                __getreent
 .text.__release_handle
                0x0011624c       0x8c C:/devkitPro/devkitARM/bin/../lib/gcc/arm-none-eabi/14.2.0/../../../../arm-none-eabi/lib/armv6k/fpu\libsysbase.a(libsysbase_libsysbase_a-handle_manager.o)
                0x0011624c                __release_handle
 .text.__alloc_handle
                0x001162d8       0xb0 C:/devkitPro/devkitARM/bin/../lib/gcc/arm-none-eabi/14.2.0/../../../../arm-none-eabi/lib/armv6k/fpu\libsysbase.a(libsysbase_libsysbase_a-handle_manager.o)
                0x001162d8                __alloc_handle
 .text.__get_handle
                0x00116388       0x3c C:/devkitPro/devkitARM/bin/../lib/gcc/arm-none-eabi/14.2.0/../../../../arm-none-eabi/lib/armv6k/fpu\libsysbase.a(libsysbase_libsysbase_a-handle_manager.o)
                0x00116388                __get_handle
 .text._close_r
                0x001163c4       0xf4 C:/devkitPro/devkitARM/bin/../lib/gcc/arm-none-eabi/14.2.0/../../../../arm-none-eabi/lib/armv6k/fpu\libsysbase.a(libsysbase_libsysbase_a-handle_manager.o)
                0x001163c4                _close_r
 .text.null_write
                0x001164b8        0x8 C:/devkitPro/devkitARM/bin/../lib/gcc/arm-none-eabi/14.2.0/../../../../arm-none-eabi/lib/armv6k/fpu\libsysbase.a(libsysbase_libsysbase_a-iosupport.o)
 .text.setDefaultDevice
                0x001164c0       0x18 C:/devkitPro/devkitARM/bin/../lib/gcc/arm-none-eabi/14.2.0/../../../../arm-none-eabi/lib/armv6k/fpu\libsysbase.a(libsysbase_libsysbase_a-iosupport.o)
                0x001164c0                setDefaultDevice
 .text.FindDevice
                0x001164d8       0xc8 C:/devkitPro/devkitARM/bin/../lib/gcc/arm-none-eabi/14.2.0/../../../../arm-none-eabi/lib/armv6k/fpu\libsysbase.a(libsysbase_libsysbase_a-iosupport.o)
                0x001164d8                FindDevice
 .text.RemoveDevice
                0x001165a0       0x28 C:/devkitPro/devkitARM/bin/../lib/gcc/arm-none-eabi/14.2.0/../../../../arm-none-eabi/lib/armv6k/fpu\libsysbase.a(libsysbase_libsysbase_a-iosupport.o)
                0x001165a0                RemoveDevice
 .text.AddDevice
                0x001165c8       0x98 C:/devkitPro/devkitARM/bin/../lib/gcc/arm-none-eabi/14.2.0/../../../../arm-none-eabi/lib/armv6k/fpu\libsysbase.a(libsysbase_libsysbase_a-iosupport.o)
                0x001165c8                AddDevice
 .text.GetDeviceOpTab
                0x00116660       0x20 C:/devkitPro/devkitARM/bin/../lib/gcc/arm-none-eabi/14.2.0/../../../../arm-none-eabi/lib/armv6k/fpu\libsysbase.a(libsysbase_libsysbase_a-iosupport.o)
                0x00116660                GetDeviceOpTab
 .text._isatty_r
                0x00116680        0x8 C:/devkitPro/devkitARM/bin/../lib/gcc/arm-none-eabi/14.2.0/../../../../arm-none-eabi/lib/armv6k/fpu\libsysbase.a(libsysbase_libsysbase_a-isatty.o)
                0x00116680                _isatty_r
 .text._lseek_r
                0x00116688       0x8c C:/devkitPro/devkitARM/bin/../lib/gcc/arm-none-eabi/14.2.0/../../../../arm-none-eabi/lib/armv6k/fpu\libsysbase.a(libsysbase_libsysbase_a-lseek.o)
                0x00116688                _lseek_r
 .text._open_r  0x00116714       0xbc C:/devkitPro/devkitARM/bin/../lib/gcc/arm-none-eabi/14.2.0/../../../../arm-none-eabi/lib/armv6k/fpu\libsysbase.a(libsysbase_libsysbase_a-open.o)
                0x00116714                _open_r
 .text._read_r  0x001167d0       0x88 C:/devkitPro/devkitARM/bin/../lib/gcc/arm-none-eabi/14.2.0/../../../../arm-none-eabi/lib/armv6k/fpu\libsysbase.a(libsysbase_libsysbase_a-read.o)
                0x001167d0                _read_r
 .text._sbrk_r  0x00116858       0x78 C:/devkitPro/devkitARM/bin/../lib/gcc/arm-none-eabi/14.2.0/../../../../arm-none-eabi/lib/armv6k/fpu\libsysbase.a(libsysbase_libsysbase_a-sbrk.o)
                0x00116858                _sbrk_r
 .text.__libc_lock_acquire
                0x001168d0       0x1c C:/devkitPro/devkitARM/bin/../lib/gcc/arm-none-eabi/14.2.0/../../../../arm-none-eabi/lib/armv6k/fpu\libsysbase.a(libsysbase_libsysbase_a-syscall_support.o)
                0x001168d0                __libc_lock_acquire
 .text.__libc_lock_release
                0x001168ec       0x1c C:/devkitPro/devkitARM/bin/../lib/gcc/arm-none-eabi/14.2.0/../../../../arm-none-eabi/lib/armv6k/fpu\libsysbase.a(libsysbase_libsysbase_a-syscall_support.o)
                0x001168ec                __libc_lock_release
 .text.__libc_lock_acquire_recursive
                0x00116908       0x1c C:/devkitPro/devkitARM/bin/../lib/gcc/arm-none-eabi/14.2.0/../../../../arm-none-eabi/lib/armv6k/fpu\libsysbase.a(libsysbase_libsysbase_a-syscall_support.o)
                0x00116908                __libc_lock_acquire_recursive
 .text.__libc_lock_release_recursive
                0x00116924       0x1c C:/devkitPro/devkitARM/bin/../lib/gcc/arm-none-eabi/14.2.0/../../../../arm-none-eabi/lib/armv6k/fpu\libsysbase.a(libsysbase_libsysbase_a-syscall_support.o)
                0x00116924                __libc_lock_release_recursive
 .text._write_r
                0x00116940       0x88 C:/devkitPro/devkitARM/bin/../lib/gcc/arm-none-eabi/14.2.0/../../../../arm-none-eabi/lib/armv6k/fpu\libsysbase.a(libsysbase_libsysbase_a-write.o)
                0x00116940                _write_r
 .text.strchr   0x001169c8      0x130 C:/devkitPro/devkitARM/bin/../lib/gcc/arm-none-eabi/14.2.0/../../../../arm-none-eabi/lib/armv6k/fpu\libg.a(libc_a-strchr.o)
                0x001169c8                strchr
 .text.strrchr  0x00116af8       0x48 C:/devkitPro/devkitARM/bin/../lib/gcc/arm-none-eabi/14.2.0/../../../../arm-none-eabi/lib/armv6k/fpu\libg.a(libc_a-strrchr.o)
                0x00116af8                strrchr
 *(.glue_7)
 .glue_7        0x00116b40        0x0 linker stubs
 *(.glue_7t)
 .glue_7t       0x00116b40        0x0 linker stubs
 *(.stub)
 *(.gnu.warning)
 *(.gnu.linkonce.t*)
                0x00116b40                        . = ALIGN (0x4)
 *(.fini)
 .fini          0x00116b40        0xc C:/devkitPro/devkitARM/bin/../lib/gcc/arm-none-eabi/14.2.0/armv6k/fpu/crti.o
                0x00116b40                _fini
 .fini          0x00116b4c        0xc C:/devkitPro/devkitARM/bin/../lib/gcc/arm-none-eabi/14.2.0/armv6k/fpu/crtn.o
                0x00116b58                        . = ALIGN (0x4)

.vfp11_veneer   0x00116b58        0x0
 .vfp11_veneer  0x00116b58        0x0 linker stubs

.v4_bx          0x00116b58        0x0
 .v4_bx         0x00116b58        0x0 linker stubs

.iplt           0x00116b58        0x0
 .iplt          0x00116b58        0x0 C:/devkitPro/devkitARM/bin/../lib/gcc/arm-none-eabi/14.2.0/../../../../arm-none-eabi/lib/armv6k/fpu/3dsx_crt0.o
                0x00117000                        . = ALIGN (0x1000)

.rodata         0x00117000     0x10d0
 *(.rodata)
 .rodata        0x00117000        0xc C:/devkitPro/libctru/lib\libctru.a(archive_dev.o)
 *(.roda)
 *(.rodata.*)
 .rodata.str1.4
                0x0011700c      0x172 main.o
                                 0xc0 (size before relaxing)
 .rodata.C2D_Init.str1.4
                0x0011717e       0x10 C:/devkitPro/libctru/lib\libcitro2d.a(base.o)
 *fill*         0x0011717e        0x2 
 .rodata.s_defaultTint.0
                0x00117180        0x8 C:/devkitPro/libctru/lib\libcitro2d.a(base.o)
 .rodata.C2D_SpriteSheetLoad.str1.4
                0x00117188        0x3 C:/devkitPro/libctru/lib\libcitro2d.a(spritesheet.o)
 .rodata.render2d_shbin
                0x00117188      0x190 C:/devkitPro/libctru/lib\libcitro2d.a(render2d.shbin.o)
                0x00117188                render2d_shbin
                0x00117314                render2d_shbin_end
                0x00117314                render2d_shbin_size
 .rodata.depthFmtSizes
                0x00117318        0x4 C:/devkitPro/libctru/lib\libcitro3d.a(framebuffer.o)
 .rodata.colorFmtSizes
                0x0011731c        0x5 C:/devkitPro/libctru/lib\libcitro3d.a(framebuffer.o)
 *fill*         0x00117321        0x3 
 .rodata.CSWTCH.11
                0x00117324       0x10 C:/devkitPro/libctru/lib\libcitro3d.a(proctex.o)
 .rodata.CSWTCH.19
                0x00117334       0x38 C:/devkitPro/libctru/lib\libcitro3d.a(texture.o)
 .rodata.consoleHandleColorEsc
                0x0011736c       0x6c C:/devkitPro/libctru/lib\libctru.a(console.o)
 .rodata.consolePrintChar
                0x001173d8        0x6 C:/devkitPro/libctru/lib\libctru.a(console.o)
 .rodata.con_write
                0x001173de       0x46 C:/devkitPro/libctru/lib\libctru.a(console.o)
 .rodata.str1.4
                0x00117424       0x10 C:/devkitPro/libctru/lib\libctru.a(console.o)
 .rodata.dotab_stdout
                0x00117424       0x80 C:/devkitPro/libctru/lib\libctru.a(console.o)
 .rodata.grayScale
                0x001174a4       0x18 C:/devkitPro/libctru/lib\libctru.a(console.o)
 .rodata.colorCube
                0x001174bc        0x6 C:/devkitPro/libctru/lib\libctru.a(console.o)
 *fill*         0x001174c2        0x2 
 .rodata.colorTable
                0x001174c4       0x30 C:/devkitPro/libctru/lib\libctru.a(console.o)
 .rodata.DVLE_GenerateOutmap.part.0
                0x001174f4        0x9 C:/devkitPro/libctru/lib\libctru.a(shbin.o)
 .rodata.aptSendCommand.str1.4
                0x001174fd       0x16 C:/devkitPro/libctru/lib\libctru.a(apt.o)
 .rodata.aptEventHandler
                0x001174fd        0xb C:/devkitPro/libctru/lib\libctru.a(apt.o)
 .rodata.aptWaitForWakeUp.isra.0
                0x00117508       0x11 C:/devkitPro/libctru/lib\libctru.a(apt.o)
 *fill*         0x00117519        0x3 
 .rodata.morton_y.2
                0x0011751c        0x8 C:/devkitPro/libctru/lib\libctru.a(apt.o)
 .rodata.morton_x.3
                0x00117524        0x8 C:/devkitPro/libctru/lib\libctru.a(apt.o)
 .rodata.s_sleepWakeEvents.4
                0x0011752c        0x8 C:/devkitPro/libctru/lib\libctru.a(apt.o)
 .rodata.gspInit.str1.4
                0x00117534        0x9 C:/devkitPro/libctru/lib\libctru.a(gspgpu.o)
 .rodata.hidInit.str1.4
                0x00117534       0x15 C:/devkitPro/libctru/lib\libctru.a(hid.o)
 .rodata.irrstInit.str1.4
                0x00117534        0x7 C:/devkitPro/libctru/lib\libctru.a(irrst.o)
 .rodata.ptmSysmInit.str1.4
                0x00117534        0x9 C:/devkitPro/libctru/lib\libctru.a(ptmsysm.o)
 .rodata.decompressV
                0x00117534       0x21 C:/devkitPro/libctru/lib\libctru.a(decompress.o)
 .rodata.__system_initArgv.str1.4
                0x00117555        0xa C:/devkitPro/libctru/lib\libctru.a(initArgv.o)
 *fill*         0x00117555        0x3 
 .rodata.default_font_bin
                0x00117558      0x800 C:/devkitPro/libctru/lib\libctru.a(default_font.bin.o)
                0x00117558                default_font_bin
                0x00117d58                default_font_bin_end
 .rodata.srvInit.str1.4
                0x00117d58        0x5 C:/devkitPro/libctru/lib\libctru.a(srv.o)
 .rodata.archive_utf16path.str1.4
                0x00117d58        0x2 C:/devkitPro/libctru/lib\libctru.a(archive_dev.o)
 .rodata._archiveUnmountDeviceStruct.part.0.str1.4
                0x00117d58        0x2 C:/devkitPro/libctru/lib\libctru.a(archive_dev.o)
 .rodata._archiveMountDevice.str1.4
                0x00117d58        0xc C:/devkitPro/libctru/lib\libctru.a(archive_dev.o)
 .rodata.archiveMountSdmc.str1.4
                0x00117d58        0x5 C:/devkitPro/libctru/lib\libctru.a(archive_dev.o)
 .rodata.error_table
                0x00117d58       0x30 C:/devkitPro/libctru/lib\libctru.a(archive_dev.o)
 .rodata.str1.4
                0x00117d88        0x8 C:/devkitPro/libctru/lib\libctru.a(archive_dev.o)
 .rodata.archive_devoptab
                0x00117d88       0x80 C:/devkitPro/libctru/lib\libctru.a(archive_dev.o)
 .rodata.fsInit.str1.4
                0x00117e08        0x8 C:/devkitPro/libctru/lib\libctru.a(fs.o)
 .rodata.__inv_pio4
                0x00117e08       0x60 C:/devkitPro/devkitARM/bin/../lib/gcc/arm-none-eabi/14.2.0/../../../../arm-none-eabi/lib/armv6k/fpu\libm.a(libm_a-sincosf_data.o)
                0x00117e08                __inv_pio4
 .rodata.__sincosf_table
                0x00117e68       0xe0 C:/devkitPro/devkitARM/bin/../lib/gcc/arm-none-eabi/14.2.0/../../../../arm-none-eabi/lib/armv6k/fpu\libm.a(libm_a-sincosf_data.o)
                0x00117e68                __sincosf_table
 .rodata._ctype_
                0x00117f48      0x101 C:/devkitPro/devkitARM/bin/../lib/gcc/arm-none-eabi/14.2.0/../../../../arm-none-eabi/lib/armv6k/fpu\libg.a(libc_a-ctype_.o)
                0x00117f48                _ctype_
 .rodata._puts_r.str1.4
                0x00118049        0x2 C:/devkitPro/devkitARM/bin/../lib/gcc/arm-none-eabi/14.2.0/../../../../arm-none-eabi/lib/armv6k/fpu\libg.a(libc_a-puts.o)
 .rodata.AddDevice.str1.4
                0x00118049        0x8 C:/devkitPro/devkitARM/bin/../lib/gcc/arm-none-eabi/14.2.0/../../../../arm-none-eabi/lib/armv6k/fpu\libsysbase.a(libsysbase_libsysbase_a-iosupport.o)
 *fill*         0x00118049        0x3 
 .rodata.dotab_stdnull
                0x0011804c       0x80 C:/devkitPro/devkitARM/bin/../lib/gcc/arm-none-eabi/14.2.0/../../../../arm-none-eabi/lib/armv6k/fpu\libsysbase.a(libsysbase_libsysbase_a-iosupport.o)
                0x0011804c                dotab_stdnull
 *all.rodata*(*)
 *(.gnu.linkonce.r*)
                0x001180cc                        . = ALIGN (0x4)
                0x001180cc                        __tdata_align = .
                0x001180cc        0x4 LONG 0x4 ALIGNOF (.tdata)
                0x001180d0                        . = ALIGN (0x4)

.eh_frame       0x001180d0        0x0
 .eh_frame      0x001180d0        0x0 C:/devkitPro/devkitARM/bin/../lib/gcc/arm-none-eabi/14.2.0/armv6k/fpu/crtbegin.o

.rel.dyn        0x001180d0        0x0
 .rel.iplt      0x001180d0        0x0 C:/devkitPro/devkitARM/bin/../lib/gcc/arm-none-eabi/14.2.0/../../../../arm-none-eabi/lib/armv6k/fpu/3dsx_crt0.o
 .rel.got       0x001180d0        0x0 C:/devkitPro/devkitARM/bin/../lib/gcc/arm-none-eabi/14.2.0/../../../../arm-none-eabi/lib/armv6k/fpu/3dsx_crt0.o

.ARM.extab
 *(.ARM.extab* .gnu.linkonce.armextab.*)
                0x001180d0                        __exidx_start = .

.ARM.exidx
 *(.ARM.exidx* .gnu.linkonce.armexidx.*)
                0x001180d0                        __exidx_end = .
                0x00119000                        . = ALIGN (0x1000)

.data           0x00119000     0x1a6c
 *(.data)
 *(.data.*)
 .data.framerateCounter
                0x00119000        0x8 C:/devkitPro/libctru/lib\libcitro3d.a(renderqueue.o)
 .data.framerate
                0x00119008        0x4 C:/devkitPro/libctru/lib\libcitro3d.a(renderqueue.o)
 .data.firstConsoleInit.0
                0x0011900c        0x1 C:/devkitPro/libctru/lib\libctru.a(console.o)
 *fill*         0x0011900d        0x3 
 .data.currentConsole
                0x00119010        0x4 C:/devkitPro/libctru/lib\libctru.a(console.o)
                0x00119010                currentConsole
 .data.defaultConsole
                0x00119014       0x48 C:/devkitPro/libctru/lib\libctru.a(console.o)
                0x00119014                defaultConsole
 .data.queueLock
                0x0011905c        0x4 C:/devkitPro/libctru/lib\libctru.a(gxqueue.o)
 .data.aptChainloadDeliverArgSize
                0x00119060        0x4 C:/devkitPro/libctru/lib\libctru.a(apt.o)
 .data.kCount   0x00119064        0x4 C:/devkitPro/libctru/lib\libctru.a(hid.o)
 .data.kInterval
                0x00119068        0x4 C:/devkitPro/libctru/lib\libctru.a(hid.o)
 .data.kDelay   0x0011906c        0x4 C:/devkitPro/libctru/lib\libctru.a(hid.o)
 .data.__stacksize__
                0x00119070        0x4 C:/devkitPro/libctru/lib\libctru.a(stack_adjust.o)
                0x00119070                __stacksize__
 .data._impure_ptr
                0x00119074        0x4 C:/devkitPro/devkitARM/bin/../lib/gcc/arm-none-eabi/14.2.0/../../../../arm-none-eabi/lib/armv6k/fpu\libg.a(libc_a-impure.o)
                0x00119074                _impure_ptr
 .data._impure_data
                0x00119078      0x120 C:/devkitPro/devkitARM/bin/../lib/gcc/arm-none-eabi/14.2.0/../../../../arm-none-eabi/lib/armv6k/fpu\libg.a(libc_a-impure.o)
                0x00119078                _impure_data
 .data.__sglue  0x00119198        0xc C:/devkitPro/devkitARM/bin/../lib/gcc/arm-none-eabi/14.2.0/../../../../arm-none-eabi/lib/armv6k/fpu\libg.a(libc_a-findfp.o)
                0x00119198                __sglue
 .data.__malloc_sbrk_base
                0x001191a4        0x4 C:/devkitPro/devkitARM/bin/../lib/gcc/arm-none-eabi/14.2.0/../../../../arm-none-eabi/lib/armv6k/fpu\libg.a(libc_a-mallocr.o)
                0x001191a4                __malloc_sbrk_base
 .data.__malloc_trim_threshold
                0x001191a8        0x4 C:/devkitPro/devkitARM/bin/../lib/gcc/arm-none-eabi/14.2.0/../../../../arm-none-eabi/lib/armv6k/fpu\libg.a(libc_a-mallocr.o)
                0x001191a8                __malloc_trim_threshold
 *fill*         0x001191ac        0x4 
 .data.__malloc_av_
                0x001191b0      0x408 C:/devkitPro/devkitARM/bin/../lib/gcc/arm-none-eabi/14.2.0/../../../../arm-none-eabi/lib/armv6k/fpu\libg.a(libc_a-mallocr.o)
                0x001191b0                __malloc_av_
 .data._current_working_directory